bun test v1.3.4 (5eb2145b)
bun : 
At 
line:1 
char:1
+ bun 
test 
2>&1 | O
ut-File 
-Encodin
g utf8 t
est-resu
lt.txt; 
Get-Cont
ent  ...
+ ~~~~~~
~~~~~~~
    + C 
   ate  
  gor   
 yIn    
fo      
        
        
    : N 
   otS  
  pec   
 ifi    
ed:     
(:    
Str    
ing    
) [    
],     
Rem    
ote    
Exc    
ept    
ion
    + F 
   ull  
  yQu   
 ali    
fie    
dEr    
ror    
Id     
: N    
ati    
veC    
omm    
and    
Err    
or
 
tests\de
bug-stor
ybook.sp
ec.ts:

# Unhand
led 
error 
between 
tests
--------
--------
--------
-------
70 |    
 this.te
st = 
test;
71 |   }
72 |   _
currentS
uite(loc
ation, 
title) {
73 |    
 const 
suite = 
(0, impo
rt_globa
ls.curre
ntlyLoad
ingFileS
uite)();
74 |    
 if (!su
ite) {
75 |    
   
throw 
new 
Error([
        
        
     ^
error: P
laywrigh
t Test 
did not 
expect 
test() 
to be 
called 
here.
Most 
common 
reasons 
include:
- You 
are 
calling 
test() 
in a con
figurati
on file.
- You 
are 
calling 
test() 
in a 
file 
that is 
imported
 by the 
configur
ation 
file.
- You 
have 
two diff
erent ve
rsions 
of @play
wright/t
est. 
This 
usually 
happens
  when 
one of 
the depe
ndencies
 in 
your pac
kage.jso
n 
depends 
on @play
wright/t
est.
      
at _curr
entSuite
 (X:\wod
-wiki\no
de_modul
es\playw
right\li
b\common
\testTyp
e.js:75:
17)
      
at _crea
teTest (
X:\wod-w
iki\node
_modules
\playwri
ght\lib\
common\t
estType.
js:88:24
)
      
at X:\wo
d-wiki\t
ests\deb
ug-story
book.spe
c.ts:3:1
      
at loadA
ndEvalua
teModule
 (2:1)
--------
--------
--------
-------


src\edit
or\Exerc
iseSearc
hEngine.
test.ts:
[ExerciseIndexManager] Cache version mismatch, invalidating
[ExerciseIndexManager] Loading index from provider...
[ExerciseIndexManager] Loaded index in 0ms
[ExerciseIndexManager] 4 exercises, 0 groups
[ExerciseIndexManager] Saved index to cache
(pass) E
xerciseS
earchEng
ine > im
mediate 
search 
> 
should 
search 
without 
debounci
ng
[ExerciseIndexManager] Cache version mismatch, invalidating
[ExerciseIndexManager] Loading index from provider...
[ExerciseIndexManager] Loaded index in 0ms
[ExerciseIndexManager] 4 exercises, 0 groups
[ExerciseIndexManager] Saved index to cache
(pass) E
xerciseS
earchEng
ine > im
mediate 
search 
> 
should 
respect 
search 
limit
[ExerciseIndexManager] Cache version mismatch, invalidating
[ExerciseIndexManager] Loading index from provider...
[ExerciseIndexManager] Loaded index in 0ms
[ExerciseIndexManager] 4 exercises, 0 groups
[ExerciseIndexManager] Saved index to cache
(pass) E
xerciseS
earchEng
ine > im
mediate 
search 
> 
should 
return 
empty 
array 
for no 
matches
[ExerciseIndexManager] Cache version mismatch, invalidating
[ExerciseIndexManager] Loading index from provider...
[ExerciseIndexManager] Loaded index in 0ms
[ExerciseIndexManager] 4 exercises, 0 groups
[ExerciseIndexManager] Saved index to cache
(pass) E
xerciseS
earchEng
ine > de
bounced 
search 
> 
should d
ebounce 
multiple
 rapid s
earches 
[219.00m
s]
[ExerciseIndexManager] Cache version mismatch, invalidating
[ExerciseIndexManager] Loading index from provider...
[ExerciseIndexManager] Loaded index in 0ms
[ExerciseIndexManager] 4 exercises, 0 groups
[ExerciseIndexManager] Saved index to cache
(pass) E
xerciseS
earchEng
ine > de
bounced 
search 
> 
should 
execute 
callback
 after d
ebounce 
delay [2
03.00ms]
[ExerciseIndexManager] Cache version mismatch, invalidating
[ExerciseIndexManager] Loading index from provider...
[ExerciseIndexManager] Loaded index in 0ms
[ExerciseIndexManager] 4 exercises, 0 groups
[ExerciseIndexManager] Saved index to cache
(pass) E
xerciseS
earchEng
ine > de
bounced 
search 
> 
should 
cancel 
pending 
search 
on immed
iate 
search [
203.00ms
]
[ExerciseIndexManager] Cache version mismatch, invalidating
[ExerciseIndexManager] Loading index from provider...
[ExerciseIndexManager] Loaded index in 0ms
[ExerciseIndexManager] 4 exercises, 0 groups
[ExerciseIndexManager] Saved index to cache
(pass) E
xerciseS
earchEng
ine > fi
ltering 
> 
should 
filter 
by equip
ment [16
.00ms]
[ExerciseIndexManager] Cache version mismatch, invalidating
[ExerciseIndexManager] Loading index from provider...
[ExerciseIndexManager] Loaded index in 0ms
[ExerciseIndexManager] 4 exercises, 0 groups
[ExerciseIndexManager] Saved index to cache
(pass) E
xerciseS
earchEng
ine > fi
ltering 
> 
should 
filter 
by 
muscles
[ExerciseIndexManager] Cache version mismatch, invalidating
[ExerciseIndexManager] Loading index from provider...
[ExerciseIndexManager] Loaded index in 0ms
[ExerciseIndexManager] 4 exercises, 0 groups
[ExerciseIndexManager] Saved index to cache
(pass) E
xerciseS
earchEng
ine > fi
ltering 
> 
should 
filter 
by diffi
culty
[ExerciseIndexManager] Cache version mismatch, invalidating
[ExerciseIndexManager] Loading index from provider...
[ExerciseIndexManager] Loaded index in 0ms
[ExerciseIndexManager] 4 exercises, 0 groups
[ExerciseIndexManager] Saved index to cache
(pass) E
xerciseS
earchEng
ine > fi
ltering 
> 
should 
apply mu
ltiple 
filters
[ExerciseIndexManager] Cache version mismatch, invalidating
[ExerciseIndexManager] Loading index from provider...
[ExerciseIndexManager] Loaded index in 0ms
[ExerciseIndexManager] 4 exercises, 0 groups
[ExerciseIndexManager] Saved index to cache
(pass) E
xerciseS
earchEng
ine > 
caching 
> 
should 
cache 
search 
results
[ExerciseIndexManager] Cache version mismatch, invalidating
[ExerciseIndexManager] Loading index from provider...
[ExerciseIndexManager] Loaded index in 0ms
[ExerciseIndexManager] 4 exercises, 0 groups
[ExerciseIndexManager] Saved index to cache
(pass) E
xerciseS
earchEng
ine > 
caching 
> 
should 
use diff
erent 
cache 
for diff
erent 
queries
[ExerciseIndexManager] Cache version mismatch, invalidating
[ExerciseIndexManager] Loading index from provider...
[ExerciseIndexManager] Loaded index in 0ms
[ExerciseIndexManager] 4 exercises, 0 groups
[ExerciseIndexManager] Saved index to cache
(pass) E
xerciseS
earchEng
ine > 
caching 
> 
should 
use diff
erent 
cache 
for diff
erent 
options
[ExerciseIndexManager] Cache version mismatch, invalidating
[ExerciseIndexManager] Loading index from provider...
[ExerciseIndexManager] Loaded index in 0ms
[ExerciseIndexManager] 4 exercises, 0 groups
[ExerciseIndexManager] Saved index to cache
(pass) E
xerciseS
earchEng
ine > 
caching 
> 
should 
clear 
cache 
on 
demand
[ExerciseIndexManager] Cache version mismatch, invalidating
[ExerciseIndexManager] Loading index from provider...
[ExerciseIndexManager] Loaded index in 0ms
[ExerciseIndexManager] 4 exercises, 0 groups
[ExerciseIndexManager] Saved index to cache
(pass) E
xerciseS
earchEng
ine > 
caching 
> 
should 
limit 
cache 
size
[ExerciseIndexManager] Cache version mismatch, invalidating
[ExerciseIndexManager] Loading index from provider...
[ExerciseIndexManager] Loaded index in 0ms
[ExerciseIndexManager] 4 exercises, 0 groups
[ExerciseIndexManager] Saved index to cache
(pass) E
xerciseS
earchEng
ine > 
last 
results 
tracking
 > 
should 
track 
last 
query [2
03.00ms]
[ExerciseIndexManager] Cache version mismatch, invalidating
[ExerciseIndexManager] Loading index from provider...
[ExerciseIndexManager] Loaded index in 0ms
[ExerciseIndexManager] 4 exercises, 0 groups
[ExerciseIndexManager] Saved index to cache
(pass) E
xerciseS
earchEng
ine > 
last 
results 
tracking
 > 
should 
track 
last 
results 
[203.00m
s]
(pass) E
xerciseS
earchEng
ine > ca
ncellati
on > 
should 
cancel 
pending 
search [
203.00ms
]
[ExerciseIndexManager] Cache version mismatch, invalidating
[ExerciseIndexManager] Loading index from provider...
[ExerciseIndexManager] Loaded index in 0ms
[ExerciseIndexManager] 4 exercises, 0 groups
[ExerciseIndexManager] Saved index to cache
(pass) E
xerciseS
earchEng
ine > st
atistics
 > 
should 
provide 
cache st
atistics

src\edit
or\LRUCa
che.test
.ts:
(pass) L
RUCache 
> basic 
operatio
ns > 
should 
store 
and retr
ieve 
values
(pass) L
RUCache 
> basic 
operatio
ns > 
should 
return u
ndefined
 for 
missing 
keys
(pass) L
RUCache 
> basic 
operatio
ns > 
should 
check 
if key 
exists
(pass) L
RUCache 
> basic 
operatio
ns > 
should 
report 
correct 
size
(pass) L
RUCache 
> LRU ev
iction 
> 
should 
evict 
least re
cently 
used 
when at 
capacity
(pass) L
RUCache 
> LRU ev
iction 
> 
should 
update 
LRU 
order 
on get
(pass) L
RUCache 
> LRU ev
iction 
> 
should 
update 
LRU 
order 
on set 
of exist
ing key
(pass) L
RUCache 
> deleti
on and c
learing 
> 
should 
delete s
pecific 
entries
(pass) L
RUCache 
> deleti
on and c
learing 
> 
should 
return 
false 
when del
eting no
n-existe
nt key
(pass) L
RUCache 
> deleti
on and c
learing 
> 
should 
clear 
all 
entries
(pass) L
RUCache 
> keys 
and 
stats > 
should 
return 
all keys
(pass) L
RUCache 
> keys 
and 
stats > 
should 
provide 
cache st
atistics
(pass) L
RUCache 
> edge 
cases > 
should 
handle 
cache 
of size 
1
(pass) L
RUCache 
> edge 
cases > 
should 
handle 
many ope
rations

src\edit
or\WodWi
kiSyntax
Initiali
zer.test
.ts:

# Unhand
led 
error 
between 
tests
--------
--------
--------
-------
 9 |    
        
 get: 
() => fa
llbackWi
ndowId
10 |    
     });
11 |    
 }
12 | }
13 | // 
eslint-d
isable-n
ext-line
 no-rest
ricted-g
lobals
14 | 
const ma
inWindow
 = 
window;
        
        
        
^
Referenc
eError: 
window 
is not 
defined
      
at X:\wo
d-wiki\n
ode_modu
les\mona
co-edito
r\esm\vs
\base\br
owser\wi
ndow.js:
14:20
      
at loadA
ndEvalua
teModule
 (2:1)
--------
--------
--------
-------


src\lib\
timeUtil
s.test.t
s:
(pass) t
imeUtils
 > forma
tTimesta
mp > 
formats 
a date 
object c
orrectly
 [16.00m
s]
(pass) t
imeUtils
 > forma
tTimesta
mp > 
formats 
a timest
amp 
number c
orrectly
(pass) t
imeUtils
 > forma
tTimesta
mp > 
returns 
"running
" for un
defined
(pass) t
imeUtils
 > forma
tTime > 
formats 
millisec
onds to 
MM:SS.ms
(pass) t
imeUtils
 > forma
tTime > 
handles 
zero
(pass) t
imeUtils
 > forma
tTime > 
pads 
single 
digits
(pass) t
imeUtils
 > calcu
lateDura
tion > c
alculate
s durati
on for 
closed 
spans
(pass) t
imeUtils
 > calcu
lateDura
tion > c
alculate
s durati
on for 
open 
span 
using 
"now"
(pass) t
imeUtils
 > calcu
lateDura
tion > 
handles 
Date 
objects
(pass) t
imeUtils
 > round
ToTenth 
> 
rounds c
orrectly

src\serv
ices\Ana
lyticsTr
ansforme
r.test.t
s:
(pass) A
nalytics
Transfor
mer > 
Legacy F
unction 
> 
returns 
empty 
result 
when 
runtime 
is null
(pass) A
nalytics
Transfor
mer > 
Legacy F
unction 
> 
returns 
empty 
result 
when 
runtime 
has no 
logs or 
blocks
(pass) A
nalytics
Transfor
mer > 
Legacy F
unction 
> transf
orms exe
cution 
logs 
into 
segments
(pass) A
nalytics
Transfor
mer > An
alyticsT
ransform
er 
Class > 
toSegmen
ts > 
returns 
empty 
array 
for 
empty 
spans
(pass) A
nalytics
Transfor
mer > An
alyticsT
ransform
er 
Class > 
toSegmen
ts > tra
nsforms 
spans 
to segme
nts 
with 
debug 
metadata
(pass) A
nalytics
Transfor
mer > An
alyticsT
ransform
er 
Class > 
toSegmen
ts > cal
culates 
depth 
from 
parent 
chain
(pass) A
nalytics
Transfor
mer > An
alyticsT
ransform
er 
Class > 
toAnalyt
icsGroup
 > 
creates 
performa
nce 
group 
from 
metrics
(pass) A
nalytics
Transfor
mer > An
alyticsT
ransform
er 
Class > 
filterBy
Tags > 
returns 
all segm
ents 
when no 
tags 
provided
(pass) A
nalytics
Transfor
mer > An
alyticsT
ransform
er 
Class > 
filterBy
Tags > 
filters 
segments
 by 
single 
tag
(pass) A
nalytics
Transfor
mer > An
alyticsT
ransform
er 
Class > 
filterBy
Tags > 
filters 
segments
 by mult
iple 
tags 
(AND 
logic)
(pass) A
nalytics
Transfor
mer > An
alyticsT
ransform
er 
Class > 
filterBy
Type > 
filters 
segments
 by 
span 
type
(pass) A
nalytics
Transfor
mer > An
alyticsT
ransform
er 
Class > 
getDebug
Context 
> 
returns 
empty 
object 
when no 
debug 
metadata
(pass) A
nalytics
Transfor
mer > An
alyticsT
ransform
er 
Class > 
getDebug
Context 
> 
returns 
context 
from 
debug 
metadata
(pass) A
nalytics
Transfor
mer > An
alyticsT
ransform
er 
Class > 
isFromSt
rategy 
> 
returns 
true 
when 
segment 
matches 
strategy
(pass) A
nalytics
Transfor
mer > An
alyticsT
ransform
er 
Class > 
isFromSt
rategy 
> 
returns 
false 
when no 
debug 
metadata

src\serv
ices\Exe
rciseDef
initionS
ervice.t
est.ts:
(pass) E
xerciseD
efinitio
nService
 > getIn
stance()
 > 
should 
create s
ingleton
 instanc
e with e
xercises
(pass) E
xerciseD
efinitio
nService
 > getIn
stance()
 > 
should 
return 
same ins
tance 
on subse
quent 
calls
(pass) E
xerciseD
efinitio
nService
 > getIn
stance()
 > 
should 
throw 
error 
if no ex
ercises 
provided
 on 
first in
stantiat
ion
(pass) E
xerciseD
efinitio
nService
 > findB
yId() > 
should 
find exe
rcise 
by name
(pass) E
xerciseD
efinitio
nService
 > findB
yId() > 
should 
return u
ndefined
 for non
-existen
t 
exercise
(pass) E
xerciseD
efinitio
nService
 > getAl
lExercis
es() > 
should 
return 
all exer
cises
(pass) E
xerciseD
efinitio
nService
 > addEx
ercise()
 > 
should 
add new 
exercise
(pass) E
xerciseD
efinitio
nService
 > addEx
ercise()
 > 
should 
update e
xisting 
exercise

tests\e2
e\jit-co
mpiler-d
emo.spec
.ts:

# Unhand
led 
error 
between 
tests
--------
--------
--------
-------
70 |    
 this.te
st = 
test;
71 |   }
72 |   _
currentS
uite(loc
ation, 
title) {
73 |    
 const 
suite = 
(0, impo
rt_globa
ls.curre
ntlyLoad
ingFileS
uite)();
74 |    
 if (!su
ite) {
75 |    
   
throw 
new 
Error([
        
        
     ^
error: P
laywrigh
t Test 
did not 
expect t
est.desc
ribe() 
to be 
called 
here.
Most 
common 
reasons 
include:
- You 
are 
calling 
test.des
cribe() 
in a con
figurati
on file.
- You 
are 
calling 
test.des
cribe() 
in a 
file 
that is 
imported
 by the 
configur
ation 
file.
- You 
have 
two diff
erent ve
rsions 
of @play
wright/t
est. 
This 
usually 
happens
  when 
one of 
the depe
ndencies
 in 
your pac
kage.jso
n 
depends 
on @play
wright/t
est.
      
at _curr
entSuite
 (X:\wod
-wiki\no
de_modul
es\playw
right\li
b\common
\testTyp
e.js:75:
17)
      
at _desc
ribe (X:
\wod-wik
i\node_m
odules\p
laywrigh
t\lib\co
mmon\tes
tType.js
:115:24)
      
at X:\wo
d-wiki\t
ests\e2e
\jit-com
piler-de
mo.spec.
ts:8:6
      
at loadA
ndEvalua
teModule
 (2:1)
--------
--------
--------
-------


tests\ji
t-compil
ation\bl
ock-comp
ilation.
test.ts:

# Unhand
led 
error 
between 
tests
--------
--------
--------
-------
error: 
Cannot 
find 
module '
../../sr
c/dialec
ts/cross
fit/Cros
sFitDial
ect' 
from 'X:
\wod-wik
i\tests\
jit-comp
ilation\
block-co
mpilatio
n.test.t
s'
--------
--------
--------
-------


tests\ji
t-compil
ation\fr
agment-c
ompilati
on.test.
ts:

# Unhand
led 
error 
between 
tests
--------
--------
--------
-------
error: 
Cannot 
find 
module '
../../sr
c/WodScr
ipt' 
from 'X:
\wod-wik
i\tests\
helpers\
test-uti
ls.ts'
--------
--------
--------
-------


tests\ji
t-compil
ation\st
rategy-m
atching.
test.ts:
(pass) S
trategy 
Matching
 Contrac
t > TSC-
001: Tim
erStrate
gy 
matches 
statemen
ts with 
Timer fr
agments 
> 
should 
return 
true 
when sta
tement c
ontains 
Timer 
fragment
(pass) S
trategy 
Matching
 Contrac
t > TSC-
002: Tim
erStrate
gy 
rejects 
statemen
ts 
without 
Timer fr
agments 
> 
should 
return 
false 
when sta
tement c
ontains 
only 
Effort 
fragment
(pass) S
trategy 
Matching
 Contrac
t > TSC-
003: Rou
ndsStrat
egy 
matches 
statemen
ts with 
Rounds f
ragments
 (no 
Timer) 
> 
should 
return 
true 
when sta
tement c
ontains 
Rounds f
ragment 
but no 
Timer
(pass) S
trategy 
Matching
 Contrac
t > TSC-
004: Rou
ndsStrat
egy 
rejects 
statemen
ts with 
Timer fr
agments 
> 
should 
return 
false 
when sta
tement c
ontains 
both 
Timer 
and 
Rounds f
ragments
(pass) S
trategy 
Matching
 Contrac
t > TSC-
005: Eff
ortStrat
egy 
matches 
statemen
ts 
without 
Timer 
or 
Rounds 
> 
should 
return 
true 
when sta
tement c
ontains 
only 
Effort 
and Rep 
fragment
s
(pass) S
trategy 
Matching
 Contrac
t > TSC-
006: Eff
ortStrat
egy 
rejects 
statemen
ts with 
Timer fr
agments 
> 
should 
return 
false 
when sta
tement c
ontains 
Timer 
fragment
(pass) S
trategy 
Matching
 Contrac
t > TSC-
007: Eff
ortStrat
egy 
rejects 
statemen
ts with 
Rounds f
ragments
 > 
should 
return 
false 
when sta
tement c
ontains 
Rounds 
fragment
TimerStr
ategy: 
No state
ments 
provided
RoundsSt
rategy: 
No state
ments 
provided
(pass) S
trategy 
Matching
 Contrac
t > TSC-
008: Str
ategy 
handles 
empty st
atements
 array 
> 
should 
return 
false 
for all 
strategi
es when 
statemen
ts 
array 
is empty
TimerStr
ategy: S
tatement
 
missing 
fragment
s array
(pass) S
trategy 
Matching
 Contrac
t > TSC-
009: Str
ategy 
handles 
missing 
fragment
s array 
> 
should 
return 
false 
when fra
gments 
array 
is undef
ined
(pass) S
trategy 
Matching
 Contrac
t > TSC-
010: Int
ervalStr
ategy 
matches 
Timer + 
Action 
with 
EMOM > 
should 
return 
true 
when sta
tement c
ontains 
Timer 
and 
EMOM 
action
(pass) S
trategy 
Matching
 Contrac
t > TSC-
010: Int
ervalStr
ategy 
matches 
Timer + 
Action 
with 
EMOM > 
should 
return 
false 
when sta
tement 
has 
only 
Timer 
without 
EMOM 
action
(pass) S
trategy 
Matching
 Contrac
t > TSC-
011: Tim
eBoundRo
undsStra
tegy 
matches 
Timer + 
Rounds/A
MRAP > 
should 
return 
true 
when sta
tement c
ontains 
Timer 
and 
Rounds
(pass) S
trategy 
Matching
 Contrac
t > TSC-
011: Tim
eBoundRo
undsStra
tegy 
matches 
Timer + 
Rounds/A
MRAP > 
should 
return 
true 
when sta
tement c
ontains 
Timer 
and 
AMRAP 
action
(pass) S
trategy 
Matching
 Contrac
t > TSC-
011: Tim
eBoundRo
undsStra
tegy 
matches 
Timer + 
Rounds/A
MRAP > 
should 
return 
false 
when sta
tement 
has 
only 
Timer
(pass) S
trategy 
Matching
 Contrac
t > TSC-
012: Gro
upStrate
gy 
matches 
statemen
ts with 
children
 > 
should 
return 
true 
when sta
tement 
has 
children
(pass) S
trategy 
Matching
 Contrac
t > TSC-
012: Gro
upStrate
gy 
matches 
statemen
ts with 
children
 > 
should 
return 
false 
when sta
tement 
has no 
children

tests\ji
t-compil
ation\st
rategy-p
recedenc
e.test.t
s:

# Unhand
led 
error 
between 
tests
--------
--------
--------
-------
error: 
Cannot 
find 
module '
../../sr
c/CodeFr
agment' 
from 'X:
\wod-wik
i\tests\
jit-comp
ilation\
strategy
-precede
nce.test
.ts'
--------
--------
--------
-------


tests\la
nguage-c
ompilati
on\parse
r-error-
recovery
.test.ts
:
(todo) 
Parser 
Error Re
covery 
> 
should 
handle m
alformed
 fragmen
t syntax
(todo) 
Parser 
Error Re
covery 
> 
should 
handle u
nmatched
 braces
(todo) 
Parser 
Error Re
covery 
> 
should 
handle 
invalid 
timer 
formats
(todo) 
Parser 
Error Re
covery 
> 
should 
handle 
invalid 
rep 
schemes
(todo) 
Parser 
Error Re
covery 
> 
should 
report a
ccurate 
error po
sitions
(todo) 
Parser 
Error Re
covery 
> 
should c
ontinue 
parsing 
after re
coverabl
e errors

tests\la
nguage-c
ompilati
on\parse
r-integr
ation.te
st.ts:
(pass) 
T076: 
Parse 
Code to 
WodScrip
t > 
Valid 
workout 
parsing 
> 
should 
parse 
simple 
timer st
atement 
[15.00ms
]
(todo) 
T076: 
Parse 
Code to 
WodScrip
t > 
Valid 
workout 
parsing 
> 
should 
parse 
rounds 
with 
reps
(todo) 
T076: 
Parse 
Code to 
WodScrip
t > 
Valid 
workout 
parsing 
> 
should 
parse 
complex 
workout
(pass) 
T076: 
Parse 
Code to 
WodScrip
t > 
Parse 
error ha
ndling 
> 
should 
handle 
empty 
code
(pass) 
T076: 
Parse 
Code to 
WodScrip
t > 
Parse 
error ha
ndling 
> 
should 
capture 
parse 
errors 
for 
invalid 
syntax
(pass) 
T076: 
Parse 
Code to 
WodScrip
t > Perf
ormance 
requirem
ents > 
should 
parse 
100 
lines 
in 
<100ms [
16.00ms]
(pass) 
T076: 
Parse 
Code to 
WodScrip
t > Perf
ormance 
requirem
ents > 
should 
handle 
rapid su
ccessive
 parses 
(debounc
e simula
tion)
(pass) 
T076: 
Parse 
Code to 
WodScrip
t > 
Parse 
result s
tructure
 > 
should 
return 
script 
with 
source 
text [15
.00ms]
(pass) 
T076: 
Parse 
Code to 
WodScrip
t > 
Parse 
result s
tructure
 > 
should 
return s
tatement
s array
(pass) 
T076: 
Parse 
Code to 
WodScrip
t > 
Parse 
result s
tructure
 > 
should 
return 
errors 
array

tests\la
nguage-c
ompilati
on\state
ment-ids
.test.ts
:
(pass) S
tatement
 ID 
Line 
Number V
erificat
ion > 
should 
assign 
line 
numbers 
as state
ment 
IDs [16.
00ms]
(pass) S
tatement
 ID 
Line 
Number V
erificat
ion > 
should 
use 
line 
numbers 
not char
acter 
offsets 
for 
nested s
tatement
s
(pass) S
tatement
 ID 
Line 
Number V
erificat
ion > 
should m
aintain 
line 
numbers 
across 
complex 
structur
es
(pass) S
tatement
 ID 
Line 
Number V
erificat
ion > 
should 
not use 
characte
r 
offsets 
as IDs

tests\la
nguage-c
ompilati
on\synta
x_featur
es.test.
ts:
(pass) 
Syntax F
eatures 
Regressi
on 
Tests > 
Actions 
> 
parses 
action 
with 
colon 
[:Rest]
(pass) 
Syntax F
eatures 
Regressi
on 
Tests > 
Actions 
> 
parses 
action 
with 
space 
[: Rest]
(pass) 
Syntax F
eatures 
Regressi
on 
Tests > 
Actions 
> fails 
to 
parse 
action 
without 
colon 
[Rest]
(pass) 
Syntax F
eatures 
Regressi
on 
Tests > 
Timers 
> 
parses 
simple 
timer 
20:00
(pass) 
Syntax F
eatures 
Regressi
on 
Tests > 
Timers 
> 
parses 
timer 
with 
text
(pass) 
Syntax F
eatures 
Regressi
on 
Tests > 
Grouping
s & 
Rounds 
> 
parses 
simple 
rounds 
(3 
rounds)
(pass) 
Syntax F
eatures 
Regressi
on 
Tests > 
Grouping
s & 
Rounds 
> 
parses 
rep 
schemes 
(21-15-9
)
(pass) 
Syntax F
eatures 
Regressi
on 
Tests > 
Grouping
s & 
Rounds 
> 
parses 
named 
rounds 
(EMOM)
(pass) 
Syntax F
eatures 
Regressi
on 
Tests > 
Grouping
s & 
Rounds 
> 
parses 
named 
rounds 
(AMRAP)
(pass) 
Syntax F
eatures 
Regressi
on 
Tests > 
Metrics 
> 
parses 
weight 
135lb [1
5.00ms]
(pass) 
Syntax F
eatures 
Regressi
on 
Tests > 
Metrics 
> 
parses 
weight 
with 
at-sign 
@135lb
(pass) 
Syntax F
eatures 
Regressi
on 
Tests > 
Metrics 
> 
parses d
istance 
400m
(pass) 
Syntax F
eatures 
Regressi
on 
Tests > 
Metrics 
> 
parses 
trend ^
(pass) 
Syntax F
eatures 
Regressi
on 
Tests > 
Collecti
ble Frag
ments 
(? place
holder) 
> 
parses c
ollectib
le reps 
?
(pass) 
Syntax F
eatures 
Regressi
on 
Tests > 
Collecti
ble Frag
ments 
(? place
holder) 
> 
parses c
ollectib
le 
weight 
? lb
(pass) 
Syntax F
eatures 
Regressi
on 
Tests > 
Collecti
ble Frag
ments 
(? place
holder) 
> 
parses c
ollectib
le dista
nce ? m
(pass) 
Syntax F
eatures 
Regressi
on 
Tests > 
Collecti
ble Frag
ments 
(? place
holder) 
> 
parses c
ollectib
le durat
ion :?
(pass) 
Syntax F
eatures 
Regressi
on 
Tests > 
Collecti
ble Frag
ments 
(? place
holder) 
> 
parses c
ollectib
le durat
ion :? 
with 
exercise
(pass) 
Syntax F
eatures 
Regressi
on 
Tests > 
Collecti
ble Frag
ments 
(? place
holder) 
> 
parses 
defined 
reps 
with 
Defined 
collecti
on state
(pass) 
Syntax F
eatures 
Regressi
on 
Tests > 
Collecti
ble Frag
ments 
(? place
holder) 
> 
parses 
defined 
weight 
with 
Defined 
collecti
on 
state [1
6.00ms]
(pass) 
Syntax F
eatures 
Regressi
on 
Tests > 
Collecti
ble Frag
ments 
(? place
holder) 
> 
parses 
defined 
distance
 with 
Defined 
collecti
on state
(pass) 
Syntax F
eatures 
Regressi
on 
Tests > 
Collecti
ble Frag
ments 
(? place
holder) 
> 
parses 
defined 
timer 
with 
Defined 
collecti
on state

tests\la
nguage-c
ompilati
on\wod-s
cript-pa
rsing.te
st.ts:

# Unhand
led 
error 
between 
tests
--------
--------
--------
-------
error: 
Cannot 
find 
module '
../../sr
c/WodScr
ipt' 
from 'X:
\wod-wik
i\tests\
language
-compila
tion\wod
-script-
parsing.
test.ts'
--------
--------
--------
-------


tests\me
trics-re
cording\
metric-c
ollector
.test.ts
:
(pass) M
etricCol
lector 
> collec
t() > 
should 
collect 
a metric
(pass) M
etricCol
lector 
> collec
t() > 
should 
collect 
multiple
 metrics
(pass) M
etricCol
lector 
> getMet
rics() 
> 
should 
return 
empty 
array 
when no 
metrics 
collecte
d
(pass) M
etricCol
lector 
> getMet
rics() 
> 
should 
return 
copy of 
metrics 
array
(pass) M
etricCol
lector 
> 
clear() 
> 
should 
clear 
all coll
ected 
metrics

tests\me
trics-re
cording\
metric-i
nheritan
ce.test.
ts:
(pass) R
oundsBlo
ck - 
Metric I
nheritan
ce > 
should a
llocate 
public M
ETRICS_C
URRENT 
when 
rep 
scheme 
is confi
gured
ΓÜá∩╕Å S
etRounds
DisplayA
ction: 
No 
display 
stack 
state 
found
ΓÅ▒∩╕Å TimerBehavior: onPush for Segment Timer, autoStart=true
ΓÅ▒∩╕Å TimerBehavior: onPush for Segment Timer, autoStart=true
(pass) R
oundsBlo
ck - 
Metric I
nheritan
ce > 
should 
update 
public M
ETRIC_RE
PS when 
rounds 
advance
(pass) R
oundsBlo
ck - 
Metric I
nheritan
ce > 
should 
NOT allo
cate MET
RIC_REPS
 when 
no rep 
scheme 
is confi
gured

tests\pe
rformanc
e\stack-
performa
nce.test
.ts:

# Unhand
led 
error 
between 
tests
--------
--------
--------
-------
error: 
Cannot 
find 
module '
../../sr
c/BlockK
ey' 
from 'X:
\wod-wik
i\tests\
performa
nce\stac
k-perfor
mance.te
st.ts'
--------
--------
--------
-------


tests\ru
ntime-ex
ecution\
orchestr
ation.te
st.ts:
(todo) 
Runtime 
Orchestr
ation > 
should i
nitializ
e 
runtime 
with 
JIT comp
iler, 
stack, 
and 
memory
(todo) 
Runtime 
Orchestr
ation > 
should 
start 
runtime 
and 
begin ex
ecution
(todo) 
Runtime 
Orchestr
ation > 
should 
stop 
runtime 
and pres
erve 
state
(todo) 
Runtime 
Orchestr
ation > 
should 
reset 
runtime 
to 
initial 
state
(todo) 
Runtime 
Orchestr
ation > 
should 
track 
running 
state co
rrectly
(todo) 
Runtime 
Orchestr
ation > 
should d
ispatch 
events 
to regis
tered 
handlers
(todo) 
Runtime 
Orchestr
ation > 
should 
collect 
and 
report 
errors
(todo) 
Runtime 
Orchestr
ation > 
should 
provide 
accurate
 
current 
time
(todo) 
Runtime 
Orchestr
ation > 
should 
handle 
state tr
ansition
s correc
tly

src\comp
onents\f
ragments
\fragmen
tColorMa
p.test.t
s:
(pass) f
ragmentC
olorMap 
> fragme
ntColorM
ap const
ant > 
should 
have 
color 
classes 
for all 
10 fragm
ent 
types
(pass) f
ragmentC
olorMap 
> fragme
ntColorM
ap const
ant > 
should 
have 
unique 
colors 
for 
each fra
gment 
type
(pass) f
ragmentC
olorMap 
> getFra
gmentCol
orClasse
s functi
on > 
should 
return 
correct 
color 
classes 
for all 
10 fragm
ent 
types
(pass) f
ragmentC
olorMap 
> getFra
gmentCol
orClasse
s functi
on > 
should 
return f
allback 
color 
for 
unknown 
fragment
 types
(pass) f
ragmentC
olorMap 
> getFra
gmentCol
orClasse
s functi
on > 
should 
be case-
insensit
ive
(pass) f
ragmentC
olorMap 
> getFra
gmentCol
orClasse
s functi
on > 
should 
handle 
empty 
string 
input
(pass) f
ragmentC
olorMap 
> getFra
gmentCol
orClasse
s functi
on > 
should 
return 
valid Ta
ilwind 
CSS 
class 
strings

src\comp
onents\f
ragments
\Fragmen
tVisuali
zer.test
.tsx:
(pass) F
ragmentV
isualize
r Compon
ent Cont
ract > 
basic re
ndering 
requirem
ents > 
should 
accept f
ragments
 array 
and 
render 
grouped 
by type
(pass) F
ragmentV
isualize
r Compon
ent Cont
ract > 
basic re
ndering 
requirem
ents > 
should 
apply 
correct 
color 
classes 
based 
on fragm
ent type
(pass) F
ragmentV
isualize
r Compon
ent Cont
ract > 
basic re
ndering 
requirem
ents > 
should 
display 
fragment
 type 
name as 
header
(pass) F
ragmentV
isualize
r Compon
ent Cont
ract > 
basic re
ndering 
requirem
ents > 
should 
display 
individu
al fragm
ent 
values 
within 
groups
(pass) F
ragmentV
isualize
r Compon
ent Cont
ract > 
basic re
ndering 
requirem
ents > 
should 
handle 
empty fr
agments 
array
(pass) F
ragmentV
isualize
r Compon
ent Cont
ract > 
basic re
ndering 
requirem
ents > 
should 
handle 
unknown 
fragment
 types 
with fal
lback 
color
(pass) F
ragmentV
isualize
r Compon
ent Cont
ract > 
error 
state re
quiremen
ts > 
should 
display 
error 
message 
when 
error 
prop 
provided
(pass) F
ragmentV
isualize
r Compon
ent Cont
ract > 
error 
state re
quiremen
ts > 
should 
clear fr
agments 
when 
error 
prop 
provided
(pass) F
ragmentV
isualize
r Compon
ent Cont
ract > 
error 
state re
quiremen
ts > 
should 
show 
error in
dicator
(pass) F
ragmentV
isualize
r Compon
ent Cont
ract > 
error 
state re
quiremen
ts > 
should 
display 
line/col
umn 
info if 
availabl
e in 
error
(pass) F
ragmentV
isualize
r Compon
ent Cont
ract > 
empty 
state re
quiremen
ts > 
should 
show 
empty 
state 
message 
when no 
fragment
s and 
no error
(pass) F
ragmentV
isualize
r Compon
ent Cont
ract > 
empty 
state re
quiremen
ts > 
should 
not 
show 
empty 
state 
when 
error 
is 
present

src\dial
ects\__t
ests__\C
rossFitD
ialect.t
est.ts:
(pass) C
rossFitD
ialect 
> AMRAP 
detectio
n > 
should 
detect 
AMRAP 
in 
Action 
fragment
(pass) C
rossFitD
ialect 
> AMRAP 
detectio
n > 
should 
detect 
AMRAP 
in 
mixed 
case
(pass) C
rossFitD
ialect 
> AMRAP 
detectio
n > 
should 
detect 
AMRAP 
in 
Effort 
fragment
(pass) C
rossFitD
ialect 
> EMOM d
etection
 > 
should 
detect 
EMOM in 
Action 
fragment
(pass) C
rossFitD
ialect 
> EMOM d
etection
 > 
should 
detect 
EMOM in 
mixed 
case
(pass) C
rossFitD
ialect 
> FOR 
TIME det
ection 
> 
should 
detect 
FOR 
TIME in 
Action 
fragment
(pass) C
rossFitD
ialect 
> 
TABATA d
etection
 > 
should 
detect 
TABATA 
in 
Action 
fragment
(pass) C
rossFitD
ialect 
> no 
hints 
for non-
matching
 stateme
nts > 
should 
return 
empty 
hints 
for 
regular 
exercise
(pass) C
rossFitD
ialect 
> no 
hints 
for non-
matching
 stateme
nts > 
should 
return 
empty 
hints 
for time
r-only s
tatement
(pass) C
rossFitD
ialect 
> no 
hints 
for non-
matching
 stateme
nts > 
should 
handle s
tatement
 with 
no fragm
ents
(pass) C
rossFitD
ialect 
> no 
hints 
for non-
matching
 stateme
nts > 
should 
handle s
tatement
 with un
defined 
fragment
s
(pass) C
rossFitD
ialect 
> 
dialect 
metadata
 > 
should 
have 
correct 
id
(pass) C
rossFitD
ialect 
> 
dialect 
metadata
 > 
should 
have 
correct 
name

src\edit
or\front
matter\F
rontMatt
erParser
.test.ts
:
(pass) F
rontMatt
erParser
 > 
should 
parse a 
simple 
front 
matter 
block 
at the 
start
(pass) F
rontMatt
erParser
 > 
should 
parse mu
ltiple 
blocks
(pass) F
rontMatt
erParser
 > 
should 
ignore i
ncomplet
e blocks
(pass) F
rontMatt
erParser
 > 
should 
handle w
hitespac
e

src\mark
down-edi
tor\util
s\blockD
etection
.test.ts
:
(pass) d
etectWod
Blocks 
> 
should 
detect 
a 
single 
WOD 
block
(pass) d
etectWod
Blocks 
> 
should 
detect m
ultiple 
WOD 
blocks
(pass) d
etectWod
Blocks 
> 
should 
handle 
empty 
document
(pass) d
etectWod
Blocks 
> 
should 
handle d
ocument 
with no 
WOD 
blocks
(pass) d
etectWod
Blocks 
> 
should 
handle i
ncomplet
e block 
(no 
closing 
backtick
s)
(pass) d
etectWod
Blocks 
> 
should 
handle 
WOD 
blocks 
with 
extra 
spaces 
after 
```wod
(pass) d
etectWod
Blocks 
> 
should 
detect 
WOD 
blocks r
egardles
s of 
case
(pass) d
etectWod
Blocks 
> 
should 
not 
detect 
code 
blocks 
that 
are not 
wod
(pass) d
etectWod
Blocks 
> 
should 
handle 
empty 
WOD 
block
(pass) f
indBlock
AtLine 
> 
should 
find 
block 
at 
start 
line
(pass) f
indBlock
AtLine 
> 
should 
find 
block 
at 
middle 
line
(pass) f
indBlock
AtLine 
> 
should 
find 
block 
at end 
line
(pass) f
indBlock
AtLine 
> 
should 
return 
null 
for 
line 
outside 
blocks
(pass) f
indBlock
AtLine 
> 
should 
find 
second 
block
(pass) e
xtractBl
ockConte
nt > 
should 
extract 
content 
without 
backtick
s
(pass) e
xtractBl
ockConte
nt > 
should 
handle 
single 
line 
block
(pass) e
xtractBl
ockConte
nt > 
should 
handle 
empty 
block

src\pars
er\__tes
ts__\act
ion-frag
ment.par
ser.test
.ts:
(pass) 
Action f
ragment 
parsing 
> 
parses u
npinned 
action 
and pres
erves na
me/raw [
15.00ms]
(pass) 
Action f
ragment 
parsing 
> 
parses 
pinned 
action (
[:!actio
n]) and 
strips 
pin 
marker 
from 
name
(pass) 
Action f
ragment 
parsing 
> keeps 
word 
spacing 
and 
hyphens 
intact 
inside 
action 
fence

src\pars
er\__tes
ts__\dis
tance-fr
agment.p
arser.te
st.ts:
(pass) D
istance 
fragment
 
parsing 
> 
parses d
istance 
with 
number 
(400m) 
with 
amount, 
units, 
and 
Defined 
state
(pass) D
istance 
fragment
 
parsing 
> 
parses d
istance 
with 
default 
amount 
(m) as a
mount=1 
[16.00ms
]
(pass) D
istance 
fragment
 
parsing 
> 
parses c
ollectib
le dista
nce 
(?m) 
with und
efined 
amount 
and User
Collecte
d state
(pass) D
istance 
fragment
 
parsing 
> preser
ves 
case in 
distance
 units 
(400M)

src\pars
er\__tes
ts__\eff
ort-frag
ment.par
ser.test
.ts:
(pass) 
Effort f
ragment 
parsing 
> 
parses m
ulti-wor
d 
effort 
(very 
hard) pr
eserving
 spacing
(pass) 
Effort f
ragment 
parsing 
> 
parses s
ingle-wo
rd 
effort 
(hard)

src\pars
er\__tes
ts__\inc
rement-f
ragment.
parser.t
est.ts:
(pass) I
ncrement
 fragmen
t 
parsing 
> 
parses 
up 
trend 
(^) 
with inc
rement=1
 and 
value=1

src\pars
er\__tes
ts__\lap
-fragmen
t.parser
.test.ts
:
(pass) 
Lap frag
ment 
parsing 
> 
parses 
compose 
marker 
(+) 
with gro
up=compo
se
(pass) 
Lap frag
ment 
parsing 
> 
parses 
round 
marker 
(-) 
with gro
up=round

src\pars
er\__tes
ts__\rep
-fragmen
t.parser
.test.ts
:
(pass) 
Rep frag
ment 
parsing 
> 
parses 
defined 
reps 
(10) 
with 
value 
and 
Defined 
state
(pass) 
Rep frag
ment 
parsing 
> 
parses c
ollectib
le reps 
(?) 
with und
efined 
value 
and User
Collecte
d state

src\pars
er\__tes
ts__\res
istance-
fragment
.parser.
test.ts:
(pass) R
esistanc
e fragme
nt 
parsing 
> 
parses r
esistanc
e with 
@ 
prefix (
@135lb) 
with 
amount, 
units, 
and 
Defined 
state
(pass) R
esistanc
e fragme
nt 
parsing 
> 
parses r
esistanc
e with 
default 
amount 
(lb) as 
amount=1
(pass) R
esistanc
e fragme
nt 
parsing 
> 
parses c
ollectib
le resis
tance 
(?kg) 
with und
efined 
amount 
and User
Collecte
d state 
[16.00ms
]

src\pars
er\__tes
ts__\rou
nds-frag
ment.par
ser.test
.ts:
(pass) 
Rounds f
ragment 
parsing 
> 
parses 
label 
form 
(amrap) 
as 
string 
value
(pass) 
Rounds f
ragment 
parsing 
> 
parses 
single 
number 
(5) as 
numeric 
value 
without 
addition
al RepFr
agments
(pass) 
Rounds f
ragment 
parsing 
> 
parses s
equence 
(5-10-15
) as Rou
ndsFragm
ent 
with 
count=3 
plus 
three Re
pFragmen
ts

src\pars
er\__tes
ts__\tim
er-fragm
ent.pars
er.test.
ts:
(pass) 
Timer fr
agment 
parsing 
> 
parses e
xplicit 
timer 
(5:00) 
into min
utes/sec
onds 
with mil
lisecond
s value
(pass) 
Timer fr
agment 
parsing 
> 
parses 
zero dur
ation 
(0:00) 
with 
value=0 
and dire
ction=up
(pass) 
Timer fr
agment 
parsing 
> 
parses c
ollectib
le 
timer 
(:?) 
with und
efined 
value 
and Runt
imeGener
ated 
state
(pass) 
Timer fr
agment 
parsing 
> 
parses 
^5:00 
as separ
ate incr
ement 
and 
timer fr
agments

src\runt
ime\__te
sts__\Ji
tCompile
r.test.t
s:
(pass) J
itCompil
er with 
Dialect 
Registry
 > 
dialect 
registry
 integra
tion > 
should 
use prov
ided 
dialect 
registry
(pass) J
itCompil
er with 
Dialect 
Registry
 > 
dialect 
registry
 integra
tion > 
should 
create 
default 
dialect 
registry
 if 
none 
provided
(pass) J
itCompil
er with 
Dialect 
Registry
 > 
dialect 
registry
 integra
tion > 
should 
process 
statemen
ts 
through 
dialect 
registry
 before 
strategy
 
matching
JitCompi
ler: No 
suitable
 strateg
y found.
(pass) J
itCompil
er with 
Dialect 
Registry
 > 
dialect 
registry
 integra
tion > 
should 
not 
match st
rategy 
when 
dialect 
does 
not add 
required
 hints
(pass) J
itCompil
er with 
Dialect 
Registry
 > 
dialect 
registry
 integra
tion > 
should 
support 
multiple
 dialect
s 
adding 
hints
(pass) J
itCompil
er with 
Dialect 
Registry
 > strat
egy regi
stration
 > 
should 
allow re
gisterin
g strate
gies 
after co
nstructi
on

src\runt
ime\__te
sts__\Li
fecycleT
imestamp
s.test.t
s:
(pass) L
ifecycle
 timesta
mps > 
passes c
ompleted
At from 
pop to p
arent.ne
xt
(pass) L
ifecycle
 timesta
mps > 
uses pro
vided st
artTime 
when 
pushing 
children
 and 
calls 
mount 
with it
ΓÅ▒∩╕Å TimerBehavior: onPush for Timer, autoStart=true
(pass) L
ifecycle
 timesta
mps > 
uses 
mock 
clock 
for dete
rministi
c timest
amps
ΓÅ▒∩╕Å TimerBehavior: onPush for Timer, autoStart=true
ΓÜá∩╕Å U
pdateTim
erDispla
yAction:
 No 
display 
stack 
state 
found
ΓÅ▒∩╕Å TimerBehavior: Resume called for Timer
Γ£à TimerBehavior: Adding new span to Timer
ΓÜá∩╕Å U
pdateTim
erDispla
yAction:
 No 
display 
stack 
state 
found
(pass) L
ifecycle
 timesta
mps > 
tracks p
ause/res
ume 
with 
time 
spans

src\runt
ime\__te
sts__\Ne
xtAction
.test.ts
:
(pass) N
extActio
n > 
should 
have 
correct 
action 
type
(pass) N
extActio
n > 
should 
execute 
successf
ully 
with 
valid 
runtime
(pass) N
extActio
n > 
should 
call 
next() 
method 
on 
current 
block
(pass) N
extActio
n > 
should 
handle 
empty 
next 
actions 
array
(pass) N
extActio
n > 
should 
execute 
multiple
 
actions 
returned
 by bloc
k.next(r
untime)
(pass) N
extActio
n > 
should 
handle 
single 
action r
eturned 
by block
.next(ru
ntime)
(pass) N
extActio
n > 
should 
handle 
no 
current 
block gr
acefully
(pass) N
extActio
n > 
should 
handle u
ndefined
 
current 
block gr
acefully
(pass) N
extActio
n > 
should 
set 
error 
state 
when 
runtime 
has 
errors
(pass) N
extActio
n > 
should 
add to 
errors 
array 
when blo
ck.next(
runtime)
 throws 
exceptio
n
(pass) N
extActio
n > 
should v
alidate 
runtime 
state 
before e
xecution
(pass) N
extActio
n > 
should 
handle c
orrupted
 memory 
state
(pass) N
extActio
n > 
should 
handle 
action e
xecution
 errors 
graceful
ly
(pass) N
extActio
n > 
should 
execute 
within p
erforman
ce 
targets
(pass) N
extActio
n > 
should 
handle 
nested 
action e
xecution
 [16.00m
s]
(pass) N
extActio
n > 
should 
be reusa
ble for 
multiple
 executi
ons

src\runt
ime\__te
sts__\Ne
xtEvent.
test.ts:
(pass) N
extEvent
 > 
should i
mplement
 IEvent 
interfac
e
(pass) N
extEvent
 > 
should 
have 
correct 
event 
name
(pass) N
extEvent
 > 
should 
have tim
estamp 
of type 
Date
(pass) N
extEvent
 > 
should 
have tim
estamp 
close 
to creat
ion time
(pass) N
extEvent
 > 
should 
accept o
ptional 
data par
ameter
(pass) N
extEvent
 > 
should 
have und
efined 
data 
when no 
paramete
r 
provided
(pass) N
extEvent
 > 
should 
handle 
null 
data par
ameter
(pass) N
extEvent
 > 
should 
handle 
complex 
data 
objects
(pass) N
extEvent
 > 
should 
handle 
data mut
ation 
on origi
nal 
object
(pass) N
extEvent
 > 
should 
create 
unique t
imestamp
s for mu
ltiple 
events
(pass) N
extEvent
 > 
should 
be seria
lizable 
to JSON

src\runt
ime\__te
sts__\Ne
xtEventH
andler.t
est.ts:
(pass) N
extEvent
Handler 
> 
should i
mplement
 IEventH
andler i
nterface
(pass) N
extEvent
Handler 
> 
should 
have 
unique 
id from 
construc
tor
(pass) N
extEvent
Handler 
> 
should 
have 
correct 
handler 
name
(pass) N
extEvent
Handler 
> 
should 
handle 
next 
events c
orrectly
(pass) N
extEvent
Handler 
> 
should 
ignore n
on-next 
events
(pass) N
extEvent
Handler 
> 
should 
return 
error 
action 
when 
runtime 
has 
errors
(pass) N
extEvent
Handler 
> 
should 
return 
empty 
array 
when no 
current 
block
(pass) N
extEvent
Handler 
> 
should 
return 
error 
action 
when 
stack 
is 
invalid
(pass) N
extEvent
Handler 
> 
should 
create N
extActio
n for 
valid 
next 
events
(pass) N
extEvent
Handler 
> 
should 
handle m
ultiple 
calls 
with 
same 
handler
(pass) N
extEvent
Handler 
> 
should 
handle 
events 
with 
data
(pass) N
extEvent
Handler 
> 
should 
have rea
donly 
id 
property
(pass) N
extEvent
Handler 
> 
should 
have rea
donly 
name 
property
(pass) N
extEvent
Handler 
> 
should 
create 
unique h
andlers 
with dif
ferent 
IDs
(pass) N
extEvent
Handler 
> 
should 
handle m
alformed
 events 
graceful
ly
(pass) N
extEvent
Handler 
> 
should v
alidate 
runtime 
interfac
e 
before p
rocessin
g
(pass) N
extEvent
Handler 
> 
should 
execute 
within p
erforman
ce 
targets

src\runt
ime\__te
sts__\Ro
otLifecy
cle.test
.ts:
(todo) R
ootLifec
ycle Int
egration
 > 
should 
inject 
idle 
blocks 
at 
start 
and end 
of execu
tion
ΓÅ▒∩╕Å TimerBehavior: onPush for Workout Timer, autoStart=true
ΓÅ▒∩╕Å TimerBehavior: onPush for Ready, autoStart=true
≡ƒÜÇ RootLifecycleBehavior: Transitioning from INITIAL_IDLE to EXECUTING
ΓÅ▒∩╕Å RootLifecycleBehavior: Resuming root timer
ΓÅ▒∩╕Å TimerBehavior: Resume called for Workout Timer
Γä╣∩╕Å TimerBehavior: Already running
ΓÅ▒∩╕Å TimerBehavior: Resume called for Workout Timer
Γ£à TimerBehavior: Adding new span to Workout Timer
ΓÅ▒∩╕Å TimerBehavior: onPush for Cooldown, checkout the Analytics, autoStart=true
(pass) R
ootLifec
ycle Int
egration
 > 
should r
egister 
and 
update 
runtime 
controls

src\runt
ime\__te
sts__\Ru
ntimeDeb
ugMode.t
est.ts:
(pass) 
Runtime 
Debuggin
g and 
Testing 
Architec
ture > R
untimeBu
ilder > 
should 
create 
runtime 
with 
default 
options
(pass) 
Runtime 
Debuggin
g and 
Testing 
Architec
ture > R
untimeBu
ilder > 
should a
uto-enab
le 
logging 
when 
debug 
mode is 
enabled
(pass) 
Runtime 
Debuggin
g and 
Testing 
Architec
ture > R
untimeBu
ilder > 
should 
enable 
logging 
independ
ently 
of 
debug 
mode
(pass) 
Runtime 
Debuggin
g and 
Testing 
Architec
ture > R
untimeBu
ilder > 
should 
return 
options 
via getO
ptions()
(pass) 
Runtime 
Debuggin
g and 
Testing 
Architec
ture > R
untimeBu
ilder > 
should 
support 
buildWit
hOptions
() for d
ebugging
(pass) 
Runtime 
Debuggin
g and 
Testing 
Architec
ture > 
Custom 
Wrapper 
Integrat
ion > 
should 
wrap 
blocks 
when 
custom 
wrapper 
is 
provided
(pass) 
Runtime 
Debuggin
g and 
Testing 
Architec
ture > 
Custom 
Wrapper 
Integrat
ion > 
should 
not doub
le-wrap 
Testable
Blocks
(pass) 
Runtime 
Debuggin
g and 
Testing 
Architec
ture > 
Custom 
Wrapper 
Integrat
ion > 
should 
record 
method 
calls 
on 
wrapped 
blocks
(pass) 
Runtime 
Debuggin
g and 
Testing 
Architec
ture > 
Custom 
Wrapper 
Integrat
ion > 
should 
track mu
ltiple 
blocks 
and 
their 
calls
(pass) 
Runtime 
Debuggin
g and 
Testing 
Architec
ture > 
Custom 
Wrapper 
Integrat
ion > 
should 
cleanup 
wrapped 
blocks 
on pop
(pass) 
Runtime 
Debuggin
g and 
Testing 
Architec
ture > T
estableB
lock 
Direct 
Usage > 
should 
allow 
direct T
estableB
lock cre
ation 
for 
testing
(pass) 
Runtime 
Debuggin
g and 
Testing 
Architec
ture > T
estableB
lock 
Direct 
Usage > 
should 
support 
clearCal
ls() on 
Testable
Block

src\runt
ime\__te
sts__\Ru
ntimeSta
ckLifecy
cle.test
.ts:
(pass) S
criptRun
time Lif
ecycle 
> sequen
ces 
push 
hooks, t
racker, 
wrapper,
 and 
logger 
in order
(pass) S
criptRun
time Lif
ecycle 
> propag
ates 
errors 
from 
unmount 
instead 
of swall
owing 
them

src\runt
ime-test
-bench\s
electors
\runtime
-selecto
rs.test.
ts:
(pass) R
untimeSe
lectors 
> Single
ton Inst
ance > 
should 
export 
a single
ton 
instance
(pass) R
untimeSe
lectors 
> Single
ton Inst
ance > 
should 
return 
same ins
tance 
on multi
ple 
accesses
(pass) R
untimeSe
lectors 
> select
Blocks()
 > 
should 
return 
empty 
array 
when 
stack 
is empty
(pass) R
untimeSe
lectors 
> select
Blocks()
 > 
should t
ransform
 single 
block 
into Run
timeStac
kBlock
(pass) R
untimeSe
lectors 
> select
Blocks()
 > 
should 
mark 
only 
the 
last 
block 
as 
active
(pass) R
untimeSe
lectors 
> select
Blocks()
 > 
should 
assign 
parent 
keys cor
rectly
(pass) R
untimeSe
lectors 
> select
Blocks()
 > 
should 
map all 
block 
types co
rrectly
(pass) R
untimeSe
lectors 
> select
Memory()
 > 
should 
return 
empty 
array 
when 
memory 
is empty
(pass) R
untimeSe
lectors 
> select
Memory()
 > 
should t
ransform
 single 
memory r
eference
 into Me
moryEntr
y
(pass) R
untimeSe
lectors 
> select
Memory()
 > 
should 
format d
ifferent
 value 
types co
rrectly
(pass) R
untimeSe
lectors 
> select
Memory()
 > 
should 
map 
memory 
types co
rrectly
(pass) R
untimeSe
lectors 
> select
Memory()
 > 
should 
mark 
memory 
as 
invalid 
when 
value 
is undef
ined
(pass) R
untimeSe
lectors 
> select
Status()
 > 
should 
return 
"idle" 
when 
stack 
is empty
(pass) R
untimeSe
lectors 
> select
Status()
 > 
should 
return "
executin
g" when 
stack 
has 
blocks
(pass) R
untimeSe
lectors 
> select
Status()
 > 
should 
return "
executin
g" when 
stack 
has mult
iple 
blocks

src\runt
ime-test
-bench\s
ervices\
testbenc
h-servic
es.test.
ts:
(pass) t
estbench
-service
s > glob
alParser
 > 
should 
export 
a MdTime
rRuntime
 
instance
(pass) t
estbench
-service
s > glob
alParser
 > 
should s
uccessfu
lly 
parse 
workout 
code
(pass) t
estbench
-service
s > glob
alParser
 > 
should 
parse di
fferent 
workout 
patterns
(pass) t
estbench
-service
s > glob
alCompil
er > 
should 
export 
a JitCom
piler 
instance
(pass) t
estbench
-service
s > glob
alCompil
er > 
should 
be 
ready 
for comp
ilation 
with str
ategies 
[16.00ms
]
(pass) t
estbench
-service
s > modu
le-level
 behavio
r > 
should m
aintain 
same ins
tance th
roughout
 test 
suite

src\serv
ices\__t
ests__\D
ialectRe
gistry.t
est.ts:
(pass) D
ialectRe
gistry 
> regist
er and u
nregiste
r > 
should r
egister 
a 
dialect
(pass) D
ialectRe
gistry 
> regist
er and u
nregiste
r > 
should u
nregiste
r a 
dialect
(pass) D
ialectRe
gistry 
> regist
er and u
nregiste
r > 
should 
return r
egistere
d 
dialect 
IDs
(pass) D
ialectRe
gistry 
> regist
er and u
nregiste
r > 
should 
clear 
all 
dialects
(pass) D
ialectRe
gistry 
> 
process 
> 
should 
create 
hints 
set if 
not 
present
(pass) D
ialectRe
gistry 
> 
process 
> 
should 
add 
hints 
from 
dialect 
analysis
(pass) D
ialectRe
gistry 
> 
process 
> 
should 
process 
dialects
 in regi
stration
 order
(pass) D
ialectRe
gistry 
> 
process 
> 
should a
ccumulat
e hints 
from mul
tiple 
dialects
(pass) D
ialectRe
gistry 
> 
process 
> 
should 
not dupl
icate ex
isting 
hints
(pass) D
ialectRe
gistry 
> 
process 
> 
should p
reserve 
existing
 hints 
on state
ment
(pass) D
ialectRe
gistry 
> proces
sAll > 
should 
process 
multiple
 stateme
nts
(pass) D
ialectRe
gistry 
> integr
ation 
with 
real 
dialect 
> 
should 
work 
with Cro
ssFit 
dialect 
patterns

src\trac
ker\__te
sts__\Ex
ecutionS
panDebug
Metadata
.test.ts
:
(pass) E
xecution
Span Deb
ugMetada
ta > cre
ateDebug
Metadata
 > 
should 
create 
empty 
debug me
tadata 
with 
defaults
(pass) E
xecution
Span Deb
ugMetada
ta > cre
ateDebug
Metadata
 > 
should 
create 
debug me
tadata 
with pro
vided 
tags
(pass) E
xecution
Span Deb
ugMetada
ta > cre
ateDebug
Metadata
 > 
should 
create 
debug me
tadata 
with pro
vided 
context
(pass) E
xecution
Span Deb
ugMetada
ta > cre
ateDebug
Metadata
 > 
should 
create 
debug me
tadata 
with 
both 
tags 
and 
context
(pass) E
xecution
Span Deb
ugMetada
ta > cre
ateExecu
tionSpan
 with de
bugMetad
ata > 
should 
create 
span 
without 
debug 
metadata
(pass) E
xecution
Span Deb
ugMetada
ta > cre
ateExecu
tionSpan
 with de
bugMetad
ata > 
should 
create 
span 
with 
debug 
metadata
(pass) E
xecution
Span Deb
ugMetada
ta > cre
ateExecu
tionSpan
 with de
bugMetad
ata > 
should p
reserve 
all 
span pro
perties 
when 
debug me
tadata 
is 
included
(pass) E
xecution
Span Deb
ugMetada
ta > Deb
ugMetada
ta seria
lization
 > 
should s
erialize
 and des
erialize
 debug m
etadata 
correctl
y
(pass) E
xecution
Span Deb
ugMetada
ta > Deb
ugMetada
ta seria
lization
 > 
should s
erialize
 span 
with 
debug me
tadata c
orrectly
(pass) E
xecution
Span Deb
ugMetada
ta > Deb
ugMetada
ta 
usage pa
tterns 
> 
should 
support 
AMRAP 
workout 
metadata
 pattern
(pass) E
xecution
Span Deb
ugMetada
ta > Deb
ugMetada
ta 
usage pa
tterns 
> 
should 
support 
EMOM 
workout 
metadata
 pattern
(pass) E
xecution
Span Deb
ugMetada
ta > Deb
ugMetada
ta 
usage pa
tterns 
> 
should 
support 
effort 
block me
tadata 
pattern
(pass) E
xecution
Span Deb
ugMetada
ta > Deb
ugMetada
ta 
usage pa
tterns 
> 
should 
allow 
adding 
logs to 
debug 
metadata

src\trac
ker\__te
sts__\Ex
ecutionT
racker.t
est.ts:
(pass) E
xecution
Tracker 
> Span L
ifecycle
 > 
should 
start a 
span 
and 
store 
it in 
memory
(pass) E
xecution
Tracker 
> Span L
ifecycle
 > 
should 
end a 
span 
and 
update 
status
(pass) E
xecution
Tracker 
> Span L
ifecycle
 > 
should 
mark 
span as 
failed
(pass) E
xecution
Tracker 
> 
Metrics 
> 
should 
record 
numeric 
metrics
(pass) E
xecution
Tracker 
> 
Metrics 
> 
should 
record 
custom 
metrics
(pass) E
xecution
Tracker 
> 
Metrics 
> 
should 
record 
rounds
(pass) E
xecution
Tracker 
> Segmen
ts > 
should 
manage 
time 
segments
(pass) E
xecution
Tracker 
> Debug 
Metadata
 > 
should 
store 
debug 
logs
(pass) E
xecution
Tracker 
> Debug 
Metadata
 > 
should 
add 
debug 
tags

tests\e2
e\metric
-inherit
ance\rep
-scheme-
inherita
nce.spec
.ts:

# Unhand
led 
error 
between 
tests
--------
--------
--------
-------
70 |    
 this.te
st = 
test;
71 |   }
72 |   _
currentS
uite(loc
ation, 
title) {
73 |    
 const 
suite = 
(0, impo
rt_globa
ls.curre
ntlyLoad
ingFileS
uite)();
74 |    
 if (!su
ite) {
75 |    
   
throw 
new 
Error([
        
        
     ^
error: P
laywrigh
t Test 
did not 
expect t
est.desc
ribe() 
to be 
called 
here.
Most 
common 
reasons 
include:
- You 
are 
calling 
test.des
cribe() 
in a con
figurati
on file.
- You 
are 
calling 
test.des
cribe() 
in a 
file 
that is 
imported
 by the 
configur
ation 
file.
- You 
have 
two diff
erent ve
rsions 
of @play
wright/t
est. 
This 
usually 
happens
  when 
one of 
the depe
ndencies
 in 
your pac
kage.jso
n 
depends 
on @play
wright/t
est.
      
at _curr
entSuite
 (X:\wod
-wiki\no
de_modul
es\playw
right\li
b\common
\testTyp
e.js:75:
17)
      
at _desc
ribe (X:
\wod-wik
i\node_m
odules\p
laywrigh
t\lib\co
mmon\tes
tType.js
:115:24)
      
at X:\wo
d-wiki\t
ests\e2e
\metric-
inherita
nce\rep-
scheme-i
nheritan
ce.spec.
ts:12:6
      
at loadA
ndEvalua
teModule
 (2:1)
--------
--------
--------
-------


tests\e2
e\runtim
e-execut
ion\basi
c-execut
ion.spec
.ts:

# Unhand
led 
error 
between 
tests
--------
--------
--------
-------
70 |    
 this.te
st = 
test;
71 |   }
72 |   _
currentS
uite(loc
ation, 
title) {
73 |    
 const 
suite = 
(0, impo
rt_globa
ls.curre
ntlyLoad
ingFileS
uite)();
74 |    
 if (!su
ite) {
75 |    
   
throw 
new 
Error([
        
        
     ^
error: P
laywrigh
t Test 
did not 
expect t
est.desc
ribe() 
to be 
called 
here.
Most 
common 
reasons 
include:
- You 
are 
calling 
test.des
cribe() 
in a con
figurati
on file.
- You 
are 
calling 
test.des
cribe() 
in a 
file 
that is 
imported
 by the 
configur
ation 
file.
- You 
have 
two diff
erent ve
rsions 
of @play
wright/t
est. 
This 
usually 
happens
  when 
one of 
the depe
ndencies
 in 
your pac
kage.jso
n 
depends 
on @play
wright/t
est.
      
at _curr
entSuite
 (X:\wod
-wiki\no
de_modul
es\playw
right\li
b\common
\testTyp
e.js:75:
17)
      
at _desc
ribe (X:
\wod-wik
i\node_m
odules\p
laywrigh
t\lib\co
mmon\tes
tType.js
:115:24)
      
at X:\wo
d-wiki\t
ests\e2e
\runtime
-executi
on\basic
-executi
on.spec.
ts:12:6
      
at loadA
ndEvalua
teModule
 (2:1)
--------
--------
--------
-------


tests\e2
e\runtim
e-execut
ion\erro
r-handli
ng.spec.
ts:

# Unhand
led 
error 
between 
tests
--------
--------
--------
-------
70 |    
 this.te
st = 
test;
71 |   }
72 |   _
currentS
uite(loc
ation, 
title) {
73 |    
 const 
suite = 
(0, impo
rt_globa
ls.curre
ntlyLoad
ingFileS
uite)();
74 |    
 if (!su
ite) {
75 |    
   
throw 
new 
Error([
        
        
     ^
error: P
laywrigh
t Test 
did not 
expect t
est.desc
ribe() 
to be 
called 
here.
Most 
common 
reasons 
include:
- You 
are 
calling 
test.des
cribe() 
in a con
figurati
on file.
- You 
are 
calling 
test.des
cribe() 
in a 
file 
that is 
imported
 by the 
configur
ation 
file.
- You 
have 
two diff
erent ve
rsions 
of @play
wright/t
est. 
This 
usually 
happens
  when 
one of 
the depe
ndencies
 in 
your pac
kage.jso
n 
depends 
on @play
wright/t
est.
      
at _curr
entSuite
 (X:\wod
-wiki\no
de_modul
es\playw
right\li
b\common
\testTyp
e.js:75:
17)
      
at _desc
ribe (X:
\wod-wik
i\node_m
odules\p
laywrigh
t\lib\co
mmon\tes
tType.js
:115:24)
      
at X:\wo
d-wiki\t
ests\e2e
\runtime
-executi
on\error
-handlin
g.spec.t
s:11:6
      
at loadA
ndEvalua
teModule
 (2:1)
--------
--------
--------
-------


tests\e2
e\runtim
e-execut
ion\metr
ic-inher
itance.s
pec.ts:

# Unhand
led 
error 
between 
tests
--------
--------
--------
-------
70 |    
 this.te
st = 
test;
71 |   }
72 |   _
currentS
uite(loc
ation, 
title) {
73 |    
 const 
suite = 
(0, impo
rt_globa
ls.curre
ntlyLoad
ingFileS
uite)();
74 |    
 if (!su
ite) {
75 |    
   
throw 
new 
Error([
        
        
     ^
error: P
laywrigh
t Test 
did not 
expect t
est.desc
ribe() 
to be 
called 
here.
Most 
common 
reasons 
include:
- You 
are 
calling 
test.des
cribe() 
in a con
figurati
on file.
- You 
are 
calling 
test.des
cribe() 
in a 
file 
that is 
imported
 by the 
configur
ation 
file.
- You 
have 
two diff
erent ve
rsions 
of @play
wright/t
est. 
This 
usually 
happens
  when 
one of 
the depe
ndencies
 in 
your pac
kage.jso
n 
depends 
on @play
wright/t
est.
      
at _curr
entSuite
 (X:\wod
-wiki\no
de_modul
es\playw
right\li
b\common
\testTyp
e.js:75:
17)
      
at _desc
ribe (X:
\wod-wik
i\node_m
odules\p
laywrigh
t\lib\co
mmon\tes
tType.js
:115:24)
      
at X:\wo
d-wiki\t
ests\e2e
\runtime
-executi
on\metri
c-inheri
tance.sp
ec.ts:11
:6
      
at loadA
ndEvalua
teModule
 (2:1)
--------
--------
--------
-------


tests\e2
e\runtim
e-execut
ion\stat
e-transi
tions.sp
ec.ts:

# Unhand
led 
error 
between 
tests
--------
--------
--------
-------
70 |    
 this.te
st = 
test;
71 |   }
72 |   _
currentS
uite(loc
ation, 
title) {
73 |    
 const 
suite = 
(0, impo
rt_globa
ls.curre
ntlyLoad
ingFileS
uite)();
74 |    
 if (!su
ite) {
75 |    
   
throw 
new 
Error([
        
        
     ^
error: P
laywrigh
t Test 
did not 
expect t
est.desc
ribe() 
to be 
called 
here.
Most 
common 
reasons 
include:
- You 
are 
calling 
test.des
cribe() 
in a con
figurati
on file.
- You 
are 
calling 
test.des
cribe() 
in a 
file 
that is 
imported
 by the 
configur
ation 
file.
- You 
have 
two diff
erent ve
rsions 
of @play
wright/t
est. 
This 
usually 
happens
  when 
one of 
the depe
ndencies
 in 
your pac
kage.jso
n 
depends 
on @play
wright/t
est.
      
at _curr
entSuite
 (X:\wod
-wiki\no
de_modul
es\playw
right\li
b\common
\testTyp
e.js:75:
17)
      
at _desc
ribe (X:
\wod-wik
i\node_m
odules\p
laywrigh
t\lib\co
mmon\tes
tType.js
:115:24)
      
at X:\wo
d-wiki\t
ests\e2e
\runtime
-executi
on\state
-transit
ions.spe
c.ts:11:
6
      
at loadA
ndEvalua
teModule
 (2:1)
--------
--------
--------
-------


tests\e2
e\runtim
e-execut
ion\visu
al-regre
ssion.sp
ec.ts:

# Unhand
led 
error 
between 
tests
--------
--------
--------
-------
70 |    
 this.te
st = 
test;
71 |   }
72 |   _
currentS
uite(loc
ation, 
title) {
73 |    
 const 
suite = 
(0, impo
rt_globa
ls.curre
ntlyLoad
ingFileS
uite)();
74 |    
 if (!su
ite) {
75 |    
   
throw 
new 
Error([
        
        
     ^
error: P
laywrigh
t Test 
did not 
expect t
est.desc
ribe() 
to be 
called 
here.
Most 
common 
reasons 
include:
- You 
are 
calling 
test.des
cribe() 
in a con
figurati
on file.
- You 
are 
calling 
test.des
cribe() 
in a 
file 
that is 
imported
 by the 
configur
ation 
file.
- You 
have 
two diff
erent ve
rsions 
of @play
wright/t
est. 
This 
usually 
happens
  when 
one of 
the depe
ndencies
 in 
your pac
kage.jso
n 
depends 
on @play
wright/t
est.
      
at _curr
entSuite
 (X:\wod
-wiki\no
de_modul
es\playw
right\li
b\common
\testTyp
e.js:75:
17)
      
at _desc
ribe (X:
\wod-wik
i\node_m
odules\p
laywrigh
t\lib\co
mmon\tes
tType.js
:115:24)
      
at X:\wo
d-wiki\t
ests\e2e
\runtime
-executi
on\visua
l-regres
sion.spe
c.ts:9:6
      
at loadA
ndEvalua
teModule
 (2:1)
--------
--------
--------
-------


tests\in
tegratio
n\metric
-inherit
ance\rep
-scheme-
inherita
nce.test
.ts:
(skip) 
Metric I
nheritan
ce - 
Rep 
Scheme I
ntegrati
on > 
should 
inherit 
reps 
from Rou
ndsBlock
 rep 
scheme: 
(21-15-9
) 
Push-ups
(skip) 
Metric I
nheritan
ce - 
Rep 
Scheme I
ntegrati
on > 
should 
verify M
ETRIC_RE
PS has 
public v
isibilit
y

tests\ru
ntime-ex
ecution\
blocks\e
ffort-bl
ock-life
cycle.te
st.ts:

# Unhand
led 
error 
between 
tests
--------
--------
--------
-------
--------
--------
--------
-------


tests\ru
ntime-ex
ecution\
memory\a
nchor-su
bscripti
ons.test
.ts:
(pass) A
nchor-Ba
sed Subs
cription
 Model 
> Memory
TypeEnum
.ANCHOR 
> 
should 
include 
ANCHOR 
type in 
MemoryTy
peEnum
(pass) A
nchor-Ba
sed Subs
cription
 Model 
> getOrC
reateAnc
hor() > 
should 
create 
a new 
anchor 
with a 
stable 
ID
(pass) A
nchor-Ba
sed Subs
cription
 Model 
> getOrC
reateAnc
hor() > 
should 
return e
xisting 
anchor 
if ID 
already 
exists
(pass) A
nchor-Ba
sed Subs
cription
 Model 
> getOrC
reateAnc
hor() > 
should 
return 
same 
anchor 
across d
ifferent
 
contexts
(pass) A
nchor-Ba
sed Subs
cription
 Model 
> getOrC
reateAnc
hor() > 
should 
throw 
error 
if 
context 
is 
released
(pass) A
nchor-Ba
sed Subs
cription
 Model 
> getOrC
reateAnc
hor() > 
should 
track 
anchor 
in 
context 
referenc
es
(pass) A
nchor-Ba
sed Subs
cription
 Model 
> 
Anchor 
Value (I
AnchorVa
lue) > 
should 
store 
and retr
ieve 
search 
criteria
(pass) A
nchor-Ba
sed Subs
cription
 Model 
> 
Anchor 
Value (I
AnchorVa
lue) > 
should 
allow up
dating 
anchor 
value dy
namicall
y
(pass) A
nchor-Ba
sed Subs
cription
 Model 
> 
Anchor 
Value (I
AnchorVa
lue) > 
should 
support 
partial 
search 
criteria
(pass) A
nchor-Ba
sed Subs
cription
 Model 
> 
Anchor R
esolutio
n > 
should 
resolve 
anchor 
to 
target 
memory r
eference
(pass) A
nchor-Ba
sed Subs
cription
 Model 
> 
Anchor R
esolutio
n > 
should 
return 
empty 
array 
when 
anchor 
points 
to non-e
xistent 
data
(pass) A
nchor-Ba
sed Subs
cription
 Model 
> 
Anchor R
esolutio
n > 
should 
resolve 
to multi
ple refe
rences 
if 
search 
matches 
multiple
(pass) A
nchor-Ba
sed Subs
cription
 Model 
> 
Anchor S
ubscript
ions > 
should 
notify s
ubscribe
rs when 
anchor 
value 
changes
(pass) A
nchor-Ba
sed Subs
cription
 Model 
> 
Anchor S
ubscript
ions > 
should 
allow mu
ltiple s
ubscribe
rs on 
same 
anchor
(pass) A
nchor-Ba
sed Subs
cription
 Model 
> 
Anchor S
ubscript
ions > 
should 
stop not
ificatio
ns 
after un
subscrib
e
(pass) A
nchor-Ba
sed Subs
cription
 Model 
> 
Anchor 
Search 
and Disc
overy > 
should 
find 
anchor 
by ID 
using 
memory 
search
(pass) A
nchor-Ba
sed Subs
cription
 Model 
> 
Anchor 
Search 
and Disc
overy > 
should 
find 
all 
anchors 
using 
type 
search
(pass) A
nchor-Ba
sed Subs
cription
 Model 
> 
Anchor 
Search 
and Disc
overy > 
should d
istingui
sh 
anchors 
from 
regular 
memory r
eference
s
(pass) A
nchor-Ba
sed Subs
cription
 Model 
> 
Anchor L
ifecycle
 and 
Cleanup 
> 
should 
release 
anchor 
when 
context 
is 
released
(pass) A
nchor-Ba
sed Subs
cription
 Model 
> 
Anchor L
ifecycle
 and 
Cleanup 
> 
should m
aintain 
anchor 
value 
across m
ultiple 
block 
contexts
(pass) A
nchor-Ba
sed Subs
cription
 Model 
> Edge 
Cases > 
should 
handle u
ndefined
 anchor 
value
(pass) A
nchor-Ba
sed Subs
cription
 Model 
> Edge 
Cases > 
should 
handle 
empty 
search 
criteria
(pass) A
nchor-Ba
sed Subs
cription
 Model 
> Edge 
Cases > 
should 
handle 
null 
values 
in 
search 
criteria
(pass) A
nchor-Ba
sed Subs
cription
 Model 
> Edge 
Cases > 
should 
create m
ultiple 
unique 
anchors 
with dif
ferent 
IDs

tests\ru
ntime-ex
ecution\
memory\b
lock-con
text.tes
t.ts:
(pass) B
lockCont
ext > Co
nstructi
on > 
should 
create 
context 
with 
ownerId
(pass) B
lockCont
ext > Co
nstructi
on > 
should 
accept 
initial 
referenc
es
(pass) B
lockCont
ext > al
locate()
 > 
should a
llocate 
memory 
with 
default 
private 
visibili
ty
(pass) B
lockCont
ext > al
locate()
 > 
should a
llocate 
memory 
with 
public v
isibilit
y
(pass) B
lockCont
ext > al
locate()
 > 
should 
track al
located 
referenc
es
(pass) B
lockCont
ext > al
locate()
 > 
should 
allow al
location
 
without 
initial 
value
(pass) B
lockCont
ext > al
locate()
 > 
should 
throw 
error 
when all
ocating 
on relea
sed 
context
(pass) B
lockCont
ext > 
get() > 
should r
etrieve 
referenc
e by 
type
(pass) B
lockCont
ext > 
get() > 
should 
return u
ndefined
 for non
-existen
t type
(pass) B
lockCont
ext > 
get() > 
should 
return 
first re
ference 
when mul
tiple 
exist
(pass) B
lockCont
ext > ge
tAll() 
> 
should 
return 
empty 
array 
for non-
existent
 type
(pass) B
lockCont
ext > ge
tAll() 
> 
should 
return 
all refe
rences 
of a 
type
(pass) B
lockCont
ext > ge
tAll() 
> 
should 
handle 
single r
eference
(pass) B
lockCont
ext > re
lease() 
> 
should 
release 
all 
memory r
eference
s
(pass) B
lockCont
ext > re
lease() 
> 
should 
clear re
ferences
 array
(pass) B
lockCont
ext > re
lease() 
> 
should 
be idemp
otent
(pass) B
lockCont
ext > re
lease() 
> 
should 
prevent 
allocati
on 
after 
release
(pass) B
lockCont
ext > is
Released
() > 
should 
return 
false in
itially
(pass) B
lockCont
ext > is
Released
() > 
should 
return 
true 
after 
release
(pass) B
lockCont
ext > is
Released
() > 
should 
remain 
true 
after mu
ltiple 
releases
(pass) B
lockCont
ext > In
tegratio
n with R
untimeMe
mory > 
should a
llocate 
memory 
in 
runtime 
memory 
system
(pass) B
lockCont
ext > In
tegratio
n with R
untimeMe
mory > 
should 
remove 
memory 
from 
runtime 
on 
release
(pass) B
lockCont
ext > In
tegratio
n with R
untimeMe
mory > 
should 
handle m
ultiple 
blocks 
with sep
arate 
contexts

tests\ru
ntime-ex
ecution\
memory\m
emory-re
ference.
test.ts:
(pass) T
ypedMemo
ryRefere
nce Subs
cription
 System 
> 
should 
allow su
bscribin
g to 
memory 
changes
(pass) T
ypedMemo
ryRefere
nce Subs
cription
 System 
> 
should 
call sub
scriber 
callback
 when 
value 
changes
(pass) T
ypedMemo
ryRefere
nce Subs
cription
 System 
> 
should 
support 
multiple
 subscri
bers on 
the 
same ref
erence
(pass) T
ypedMemo
ryRefere
nce Subs
cription
 System 
> 
should 
allow un
subscrib
ing 
from 
changes
(pass) T
ypedMemo
ryRefere
nce Subs
cription
 System 
> 
should 
support 
immediat
e subscr
iption 
option
Error 
in 
memory s
ubscript
ion call
back: 
70 |    
 it('sho
uld 
handle c
allback 
errors g
racefull
y', () 
=> {
71 |    
     
const 
memory 
= new Ru
ntimeMem
ory();
72 |    
     
const 
ref = me
mory.all
ocate<nu
mber>('t
est', 'o
wner-1',
 10);
73 | 
74 |    
     
const er
rorCallb
ack = vi
.fn(() 
=> {
75 |    
        
 throw 
new Erro
r('Callb
ack 
error');
        
        
        
   ^
error: C
allback 
error
      
at X:\wo
d-wiki\t
ests\run
time-exe
cution\m
emory\me
mory-ref
erence.t
est.ts:7
5:23
      
at unkno
wn:1:1
      
at notif
ySubscri
bers (X:
\wod-wik
i\src\ru
ntime\IM
emoryRef
erence.t
s:136:30
)
      
at set (
X:\wod-w
iki\src\
runtime\
RuntimeM
emory.ts
:64:14)
      
at set (
X:\wod-w
iki\src\
runtime\
IMemoryR
eference
.ts:74:2
2)
      
at 
toThrow 
(unknown
:1:1)
      
at X:\wo
d-wiki\t
ests\run
time-exe
cution\m
emory\me
mory-ref
erence.t
est.ts:1
66:15

(pass) T
ypedMemo
ryRefere
nce Subs
cription
 System 
> 
should 
handle c
allback 
errors g
racefull
y
(pass) T
ypedMemo
ryRefere
nce Subs
cription
 System 
> 
should 
notify s
ubscribe
rs when 
referenc
e is 
released
(pass) T
ypedMemo
ryRefere
nce Subs
cription
 System 
> 
should 
work 
with 
complex 
object 
types
(pass) T
ypedMemo
ryRefere
nce Subs
cription
 System 
> 
should 
support 
subscrib
ing to u
ndefined
 
initial 
values
(pass) T
ypedMemo
ryRefere
nce Subs
cription
 System 
> 
should 
allow mu
ltiple u
nsubscri
be 
calls 
safely
(pass) T
ypedMemo
ryRefere
nce Subs
cription
 System 
> 
should m
aintain 
subscrip
tion ind
ependenc
e
(pass) R
untimeMe
mory Sub
scriptio
n Integr
ation > 
should 
notify s
ubscribe
rs 
through 
set oper
ation
(pass) R
untimeMe
mory Sub
scriptio
n Integr
ation > 
should 
handle m
ultiple 
memory r
eference
s indepe
ndently
(pass) R
untimeMe
mory Sub
scriptio
n Integr
ation > 
should 
clean 
up subsc
riptions
 when 
memory 
is 
released

tests\ru
ntime-ex
ecution\
stack\st
ack-api.
test.ts:
(pass) R
untimeSt
ack.push
() Contr
act 
Tests > 
MUST 
add 
block 
to 
stack im
mediatel
y 
without 
initiali
zation 
calls
(pass) R
untimeSt
ack.push
() Contr
act 
Tests > 
MUST mai
ntain 
LIFO 
stack 
ordering
(pass) R
untimeSt
ack.push
() Contr
act 
Tests > 
MUST 
update 
current 
block 
to 
newly 
pushed 
block
(pass) R
untimeSt
ack.push
() Contr
act 
Tests > 
MUST 
NOT 
call ini
tializat
ion 
methods 
during 
push
(pass) R
untimeSt
ack.pop(
) Contra
ct 
Tests > 
MUST 
remove 
and 
return 
top 
block 
without 
cleanup 
calls
(pass) R
untimeSt
ack.pop(
) Contra
ct 
Tests > 
MUST 
return u
ndefined
 for 
empty 
stack
(pass) R
untimeSt
ack.pop(
) Contra
ct 
Tests > 
MUST 
update 
current 
block 
to previ
ous 
block
(pass) R
untimeSt
ack.pop(
) Contra
ct 
Tests > 
Consumer
 MUST 
be respo
nsible 
for 
calling 
dispose 
on retur
ned 
block
(pass) R
untimeSt
ack.curr
ent() Co
ntract 
Tests > 
MUST 
return 
top 
block 
without 
side 
effects
(pass) R
untimeSt
ack.curr
ent() Co
ntract 
Tests > 
MUST 
return u
ndefined
 for 
empty 
stack
(pass) R
untimeSt
ack.curr
ent() Co
ntract 
Tests > 
MUST be 
idempote
nt

tests\ru
ntime-ex
ecution\
stack\st
ack-disp
osal.tes
t.ts:
(pass) R
untimeSt
ack 
Dispose 
Method 
Unit 
Tests > 
dispose(
) 
method 
is 
called c
orrectly
 on 
blocks
(pass) R
untimeSt
ack 
Dispose 
Method 
Unit 
Tests > 
dispose(
) can 
be 
called m
ultiple 
times (i
dempoten
t)
(pass) R
untimeSt
ack 
Dispose 
Method 
Unit 
Tests > 
dispose(
) 
errors 
do not 
break 
stack op
erations
(pass) R
untimeSt
ack 
Dispose 
Method 
Unit 
Tests > 
blocks m
aintain 
identity
 after 
pop 
before 
dispose
(pass) R
untimeSt
ack 
Edge 
Cases 
Unit 
Tests > 
current(
) 
returns 
undefine
d for 
empty 
stack
(pass) R
untimeSt
ack 
Edge 
Cases 
Unit 
Tests > 
blocks 
getter 
returns 
empty 
array 
for 
empty 
stack
(pass) R
untimeSt
ack 
Edge 
Cases 
Unit 
Tests > 
single 
block op
erations
 work co
rrectly
(pass) R
untimeSt
ack 
Edge 
Cases 
Unit 
Tests > 
large 
stack op
erations
 maintai
n perfor
mance

tests\ru
ntime-ex
ecution\
stack\st
ack-edge
-cases.t
est.ts:
(pass) R
untimeSt
ack Boun
dary Con
ditions 
> empty 
stack op
erations
(pass) R
untimeSt
ack Boun
dary Con
ditions 
> stack 
with 
one 
element 
operatio
ns
(pass) R
untimeSt
ack Boun
dary Con
ditions 
> repeat
ed push 
and pop 
of same 
block
(pass) R
untimeSt
ack Boun
dary Con
ditions 
> 
blocks 
with ide
ntical 
keys
(pass) R
untimeSt
ack Perf
ormance 
Edge 
Cases > 
operatio
ns maint
ain 
O(1) 
time com
plexity

tests\ru
ntime-ex
ecution\
workflow
s\next-b
utton-wo
rkflow.t
est.ts:
(pass) 
Next 
Button I
ntegrati
on 
Tests > 
Core 
Next 
Button F
unctiona
lity > 
should 
advance 
executio
n when 
Next 
button 
is 
clicked
(pass) 
Next 
Button I
ntegrati
on 
Tests > 
Core 
Next 
Button F
unctiona
lity > 
should 
execute 
action 
and 
advance 
current 
block
(pass) 
Next 
Button I
ntegrati
on 
Tests > 
Core 
Next 
Button F
unctiona
lity > 
should 
handle m
ultiple 
Next 
button 
clicks s
equentia
lly
(pass) 
Next 
Button I
ntegrati
on 
Tests > 
Core 
Next 
Button F
unctiona
lity > 
should m
aintain 
UI 
state 
after 
Next 
button 
click
(pass) 
Next 
Button I
ntegrati
on 
Tests > 
Rapid 
Click Ha
ndling 
> 
should 
handle 
rapid 
Next 
button 
clicks 
without 
errors
(pass) 
Next 
Button I
ntegrati
on 
Tests > 
Rapid 
Click Ha
ndling 
> 
should 
prevent 
event 
queue ov
erflow 
during 
rapid 
clicks [
16.00ms]
(pass) 
Next 
Button I
ntegrati
on 
Tests > 
Rapid 
Click Ha
ndling 
> 
should m
aintain 
executio
n order 
during 
rapid 
clicks
(pass) 
Next 
Button I
ntegrati
on 
Tests > 
Script C
ompletio
n Bounda
ry > 
should 
handle 
end of 
script g
racefull
y
(pass) 
Next 
Button I
ntegrati
on 
Tests > 
Script C
ompletio
n Bounda
ry > 
should 
detect 
script c
ompletio
n and 
stop adv
ancement
(pass) 
Next 
Button I
ntegrati
on 
Tests > 
Script C
ompletio
n Bounda
ry > 
should 
handle 
script c
ompletio
n with 
final 
actions
(pass) 
Next 
Button I
ntegrati
on 
Tests > 
Script C
ompletio
n Bounda
ry > 
should t
ransitio
n to com
pleted 
state 
when 
script 
ends
(pass) 
Next 
Button I
ntegrati
on 
Tests > 
Error Ha
ndling S
cenarios
 > 
should 
handle 
runtime 
errors 
during 
Next 
button 
click
(pass) 
Next 
Button I
ntegrati
on 
Tests > 
Error Ha
ndling S
cenarios
 > 
should 
handle 
block ex
ecution 
errors g
racefull
y
(pass) 
Next 
Button I
ntegrati
on 
Tests > 
Error Ha
ndling S
cenarios
 > 
should 
recover 
from tra
nsient 
errors
(pass) 
Next 
Button I
ntegrati
on 
Tests > 
Error Ha
ndling S
cenarios
 > 
should 
handle c
orrupted
 memory 
state
(pass) 
Next 
Button I
ntegrati
on 
Tests > 
Error Ha
ndling S
cenarios
 > 
should 
handle 
invalid 
runtime 
state
(pass) 
Next 
Button I
ntegrati
on 
Tests > 
Performa
nce Requ
irements
 > 
should 
handle 
Next 
button 
events 
within 
10ms
(pass) 
Next 
Button I
ntegrati
on 
Tests > 
Performa
nce Requ
irements
 > 
should 
execute 
Next 
actions 
within 
50ms
(pass) 
Next 
Button I
ntegrati
on 
Tests > 
Performa
nce Requ
irements
 > 
should 
handle 
memory 
usage ef
ficientl
y 
during r
epeated 
clicks
(pass) 
Next 
Button I
ntegrati
on 
Tests > 
State Co
nsistenc
y > 
should m
aintain 
consiste
nt 
runtime 
state 
during e
xecution
(pass) 
Next 
Button I
ntegrati
on 
Tests > 
State Co
nsistenc
y > 
should 
handle c
oncurren
t Next 
button 
events 
safely [
15.00ms]

tests\ru
ntime-ex
ecution\
workflow
s\runtim
e-hooks.
test.ts:
ΓÅ▒∩╕Å TimerBehavior: onPush for Timer, autoStart=true
(pass) 
Runtime 
Hooks In
tegratio
n > 
Timer Re
ferences
 > 
should 
be able 
to 
search 
for 
timer 
state 
memory r
eference
(pass) 
Runtime 
Hooks In
tegratio
n > 
Timer Re
ferences
 > 
should 
return u
ndefined
 for non
-existen
t block 
keys
ΓÅ▒∩╕Å TimerBehavior: onPush for Timer, autoStart=true
ΓÅ▒∩╕Å TimerBehavior: Resume called for Timer
Γ£à TimerBehavior: Adding new span to Timer
ΓÜá∩╕Å U
pdateTim
erDispla
yAction:
 No 
display 
stack 
state 
found
ΓÜá∩╕Å U
pdateTim
erDispla
yAction:
 No 
display 
stack 
state 
found
(pass) 
Runtime 
Hooks In
tegratio
n > 
Memory S
ubscript
ion > 
should 
notify 
when sub
scribed 
to 
timer 
state 
changes
ΓÅ▒∩╕Å TimerBehavior: onPush for Timer, autoStart=true
(pass) 
Runtime 
Hooks In
tegratio
n > 
Timer 
Elapsed 
Calculat
ion > 
should c
alculate
 
elapsed 
time cor
rectly
ΓÅ▒∩╕Å TimerBehavior: onPush for Timer, autoStart=true
ΓÅ▒∩╕Å TimerBehavior: Resume called for Timer
ΓÜá∩╕Å U
pdateTim
erDispla
yAction:
 No 
display 
stack 
state 
found
ΓÜá∩╕Å U
pdateTim
erDispla
yAction:
 No 
display 
stack 
state 
found
(pass) 
Runtime 
Hooks In
tegratio
n > 
Timer 
Elapsed 
Calculat
ion > 
should 
handle m
ultiple 
spans co
rrectly
(pass) 
Runtime 
Hooks In
tegratio
n > Runt
imeProvi
der 
Context 
> 
should 
provide 
runtime 
memory 
access
Γ£à TimerBehavior: Adding new span to Timer
ΓÅ▒∩╕Å TimerBehavior: onPush for Timer, autoStart=true
ΓÅ▒∩╕Å TimerBehavior: onPush for Timer, autoStart=true
ΓÜá∩╕Å U
pdateTim
erDispla
yAction:
 No 
display 
stack 
state 
found
ΓÅ▒∩╕Å TimerBehavior: Resume called for Timer
Γ£à TimerBehavior: Adding new span to Timer
ΓÜá∩╕Å U
pdateTim
erDispla
yAction:
 No 
display 
stack 
state 
found
ΓÜá∩╕Å U
pdateTim
erDispla
yAction:
 No 
display 
stack 
state 
found
ΓÅ▒∩╕Å TimerBehavior: Resume called for Timer
Γ£à TimerBehavior: Adding new span to Timer
ΓÜá∩╕Å U
pdateTim
erDispla
yAction:
 No 
display 
stack 
state 
found
ΓÜá∩╕Å U
pdateTim
erDispla
yAction:
 No 
display 
stack 
state 
found
ΓÅ▒∩╕Å TimerBehavior: Resume called for Timer
Γ£à TimerBehavior: Adding new span to Timer
ΓÜá∩╕Å U
pdateTim
erDispla
yAction:
 No 
display 
stack 
state 
found
ΓÜá∩╕Å U
pdateTim
erDispla
yAction:
 No 
display 
stack 
state 
found
ΓÅ▒∩╕Å TimerBehavior: Resume called for Timer
Γ£à TimerBehavior: Adding new span to Timer
ΓÜá∩╕Å U
pdateTim
erDispla
yAction:
 No 
display 
stack 
state 
found
ΓÜá∩╕Å U
pdateTim
erDispla
yAction:
 No 
display 
stack 
state 
found
ΓÅ▒∩╕Å TimerBehavior: Resume called for Timer
Γ£à TimerBehavior: Adding new span to Timer
ΓÜá∩╕Å U
pdateTim
erDispla
yAction:
 No 
display 
stack 
state 
found
(pass) 
Runtime 
Hooks In
tegratio
n > 
Edge 
Cases > 
should 
handle 
rapid 
state 
changes
(todo) 
Runtime 
Hooks In
tegratio
n > 
Edge 
Cases > 
should 
handle 
block di
sposal g
racefull
y

src\runt
ime\acti
ons\__te
sts__\Ac
tionStac
kActions
.test.ts
:
(pass) A
ctionSta
ckAction
s > 
pushes 
actions 
and 
makes 
them 
visible
(pass) A
ctionSta
ckAction
s > 
keeps 
pinned 
parent 
actions 
visible 
when 
child 
layer 
is 
pushed
(pass) A
ctionSta
ckAction
s > 
updates 
an exist
ing 
layer 
instead 
of dupli
cating

src\runt
ime\beha
viors\__
tests__\
ActionLa
yerBehav
ior.test
.ts:
(pass) A
ctionLay
erBehavi
or > 
adds 
default 
next 
action 
when no 
actions 
exist
(pass) A
ctionLay
erBehavi
or > 
uses 
action f
ragments
 and pre
serves 
pinning

src\runt
ime\beha
viors\__
tests__\
Completi
onBehavi
or.test.
ts:
(pass) C
ompletio
nBehavio
r Contra
ct > Con
structor
 > 
should 
accept 
a condit
ion 
function
(pass) C
ompletio
nBehavio
r Contra
ct > Con
structor
 > 
should 
accept 
trigger 
events
(pass) C
ompletio
nBehavio
r Contra
ct > Con
structor
 > 
should 
reject 
null con
dition
(pass) C
ompletio
nBehavio
r Contra
ct > onN
ext() > 
should 
check co
mpletion
 conditi
on
(pass) C
ompletio
nBehavio
r Contra
ct > onN
ext() > 
should 
emit blo
ck:compl
ete 
when con
dition 
returns 
true
(pass) C
ompletio
nBehavio
r Contra
ct > onN
ext() > 
should 
NOT 
emit 
when con
dition 
returns 
false
(pass) C
ompletio
nBehavio
r Contra
ct > onN
ext() > 
should 
pass 
runtime 
and 
block 
to condi
tion 
function
(pass) C
ompletio
nBehavio
r Contra
ct > Eve
nt-Trigg
ered Com
pletion 
> 
should 
check co
ndition 
when 
trigger 
event 
received
(pass) C
ompletio
nBehavio
r Contra
ct > Eve
nt-Trigg
ered Com
pletion 
> 
should 
support 
multiple
 
trigger 
events
(pass) C
ompletio
nBehavio
r Contra
ct > Eve
nt-Trigg
ered Com
pletion 
> 
should 
NOT 
check co
ndition 
for non-
trigger 
events
(pass) C
ompletio
nBehavio
r Contra
ct > Com
pletion 
Detectio
n Patter
ns > 
should 
work 
with rep
s-based 
completi
on
(todo) C
ompletio
nBehavio
r Contra
ct > Com
pletion 
Detectio
n Patter
ns > 
should 
work 
with tim
er-based
 complet
ion
(pass) C
ompletio
nBehavio
r Contra
ct > Com
pletion 
Detectio
n Patter
ns > 
should 
work 
with rou
nds-base
d comple
tion
(pass) C
ompletio
nBehavio
r Contra
ct > Dis
posal > 
should 
remove 
event li
steners 
on 
dispose
(pass) C
ompletio
nBehavio
r Contra
ct > 
Edge 
Cases > 
should 
handle c
ondition
 
already 
met at 
start
(pass) C
ompletio
nBehavio
r Contra
ct > 
Edge 
Cases > 
should 
handle c
ondition
 that 
never 
becomes 
true
(pass) C
ompletio
nBehavio
r Contra
ct > 
Edge 
Cases > 
should 
handle c
ondition
 that 
throws 
error

src\runt
ime\beha
viors\__
tests__\
IBehavio
r.test.t
s:
(pass) I
Behavior
 > Type 
Guards 
> isPush
Behavior
 correct
ly ident
ifies IP
ushBehav
ior
(pass) I
Behavior
 > Type 
Guards 
> isNext
Behavior
 correct
ly ident
ifies IN
extBehav
ior
(pass) I
Behavior
 > Type 
Guards 
> isPopB
ehavior 
correctl
y identi
fies IPo
pBehavio
r
(pass) I
Behavior
 > BaseB
ehavior 
> dispat
ches to 
onPush 
when ope
ration 
is push 
and inte
rface 
is imple
mented
(pass) I
Behavior
 > BaseB
ehavior 
> dispat
ches to 
onNext 
when ope
ration 
is next 
and inte
rface 
is imple
mented
(pass) I
Behavior
 > BaseB
ehavior 
> dispat
ches to 
onPop 
when ope
ration 
is pop 
and inte
rface 
is imple
mented
(pass) I
Behavior
 > BaseB
ehavior 
> 
returns 
empty 
array 
when int
erface 
is not i
mplement
ed
(pass) I
Behavior
 > BaseB
ehavior 
> 
handles 
partial 
implemen
tations 
correctl
y
(pass) I
Behavior
 > BaseB
ehavior 
> 
returns 
empty 
array 
for 
empty 
behavior
(pass) I
Behavior
 > compo
seBehavi
ors > co
mbines 
actions 
from mul
tiple be
haviors
(pass) I
Behavior
 > compo
seBehavi
ors > 
returns 
empty 
array 
when no 
behavior
s 
handle o
peration
(pass) I
Behavior
 > compo
seBehavi
ors > ma
intains 
order 
of behav
iors
(pass) I
Behavior
 > creat
eBehavio
r > 
creates 
behavior
 from 
function
(pass) I
Behavior
 > creat
eBehavio
r > func
tion rec
eives 
context 
correctl
y

src\runt
ime\beha
viors\__
tests__\
LoopCoor
dinatorB
ehavior.
test.ts:
LoopCoordinator: Work complete, waiting for interval timer...
LoopCoordinator: Interval timer complete, advancing to next round.
LoopCoordinator: Work complete, waiting for interval timer...
LoopCoordinator: Interval timer complete, advancing to next round.
(pass) L
oopCoord
inatorBe
havior 
- EMOM M
ulti-rou
nd > 
should 
restart 
timer 
for subs
equent 
rounds

src\runt
ime\beha
viors\__
tests__\
TimerBeh
avior.te
st.ts:
(pass) T
imerBeha
vior Con
tract > 
Construc
tor > 
should 
accept 
valid di
rection 
"up"
(pass) T
imerBeha
vior Con
tract > 
Construc
tor > 
should 
accept 
valid di
rection 
"down"
(pass) T
imerBeha
vior Con
tract > 
Construc
tor > 
should 
reject 
invalid 
directio
n
ΓÅ▒∩╕Å TimerBehavior: onPush for Timer, autoStart=true
(pass) T
imerBeha
vior Con
tract > 
onPush()
 > 
should 
start 
timer
ΓÅ▒∩╕Å TimerBehavior: onPush for Timer, autoStart=true
(pass) T
imerBeha
vior Con
tract > 
onPush()
 > 
should 
emit tim
er:start
ed 
event 
via runt
ime.hand
le()
ΓÅ▒∩╕Å TimerBehavior: onPush for Timer, autoStart=true
(pass) T
imerBeha
vior Con
tract > 
onPush()
 > 
should 
use prov
ided sta
rtTime 
from 
options
ΓÅ▒∩╕Å TimerBehavior: onPush for Timer, autoStart=true
ΓÜá∩╕Å U
pdateTim
erDispla
yAction:
 No 
display 
stack 
state 
found
(pass) T
imerBeha
vior Con
tract > 
onPop() 
> 
should p
reserve 
elapsed 
time 
state 
after 
pop
ΓÅ▒∩╕Å TimerBehavior: onPush for Timer, autoStart=true
(pass) T
imerBeha
vior Con
tract > 
Elapsed 
Time > 
should 
track 
elapsed 
time cor
rectly
ΓÅ▒∩╕Å TimerBehavior: onPush for Timer, autoStart=true
(pass) T
imerBeha
vior Con
tract > 
Elapsed 
Time > 
should 
return 
display 
time in 
seconds
ΓÅ▒∩╕Å TimerBehavior: onPush for Timer, autoStart=true
(pass) T
imerBeha
vior Con
tract > 
Countdow
n Timer 
> 
should c
alculate
 remaini
ng time 
for coun
tdown
ΓÅ▒∩╕Å TimerBehavior: onPush for Timer, autoStart=true
(pass) T
imerBeha
vior Con
tract > 
Countdow
n Timer 
> 
should 
detect c
ompletio
n when c
ountdown
 
reaches 
zero
ΓÅ▒∩╕Å TimerBehavior: onPush for Timer, autoStart=true
(pass) T
imerBeha
vior Con
tract > 
Countdow
n Timer 
> 
should 
NOT 
mark cou
nt-up 
timers 
as 
complete
ΓÅ▒∩╕Å TimerBehavior: onPush for Timer, autoStart=true
ΓÜá∩╕Å U
pdateTim
erDispla
yAction:
 No 
display 
stack 
state 
found
(pass) T
imerBeha
vior Con
tract > 
Pause/Re
sume > 
should 
stop tra
cking 
elapsed 
when 
paused
ΓÅ▒∩╕Å TimerBehavior: onPush for Timer, autoStart=true
ΓÅ▒∩╕Å TimerBehavior: Resume called for Timer
ΓÜá∩╕Å U
pdateTim
erDispla
yAction:
 No 
display 
stack 
state 
found
Γ£à TimerBehavior: Adding new span to Timer
ΓÜá∩╕Å U
pdateTim
erDispla
yAction:
 No 
display 
stack 
state 
found
(pass) T
imerBeha
vior Con
tract > 
Pause/Re
sume > 
should 
resume t
racking 
elapsed 
when 
resumed
ΓÅ▒∩╕Å TimerBehavior: onPush for Timer, autoStart=true
ΓÜá∩╕Å U
pdateTim
erDispla
yAction:
 No 
display 
stack 
state 
found
ΓÜá∩╕Å U
pdateTim
erDispla
yAction:
 No 
display 
stack 
state 
found
(pass) T
imerBeha
vior Con
tract > 
Start/St
op > 
should 
be 
running 
after 
start()
ΓÅ▒∩╕Å TimerBehavior: onPush for Timer, autoStart=true
ΓÜá∩╕Å U
pdateTim
erDispla
yAction:
 No 
display 
stack 
state 
found
(pass) T
imerBeha
vior Con
tract > 
Start/St
op > 
should 
not be 
running 
after 
stop()
ΓÅ▒∩╕Å TimerBehavior: onPush for Timer, autoStart=true
(pass) T
imerBeha
vior Con
tract > 
Reset/Re
start > 
should 
reset 
elapsed 
time on 
reset()
ΓÅ▒∩╕Å TimerBehavior: onPush for Timer, autoStart=true
ΓÜá∩╕Å U
pdateTim
erDispla
yAction:
 No 
display 
stack 
state 
found
(pass) T
imerBeha
vior Con
tract > 
Reset/Re
start > 
should 
restart 
timer 
on resta
rt()
ΓÅ▒∩╕Å TimerBehavior: onPush for Timer, autoStart=true
ΓÜá∩╕Å U
pdateTim
erDispla
yAction:
 No 
display 
stack 
state 
found
(pass) T
imerBeha
vior Con
tract > 
Disposal
 > 
should 
not 
throw 
when dis
posing 
active 
timer
(pass) T
imerBeha
vior Con
tract > 
Disposal
 > 
should 
not 
throw 
when dis
posing i
nactive 
timer
ΓÅ▒∩╕Å TimerBehavior: onPush for Timer, autoStart=true
ΓÜá∩╕Å U
pdateTim
erDispla
yAction:
 No 
display 
stack 
state 
found
(pass) T
imerBeha
vior Con
tract > 
Disposal
 > 
should 
stop 
timer 
on 
dispose

src\runt
ime\stra
tegies\_
_tests__
\EffortS
trategy.
test.ts:
(pass) E
ffortStr
ategy > 
match() 
> 
should 
match st
atements
 
without 
Timer 
or 
Rounds (
fallback
)
(pass) E
ffortStr
ategy > 
match() 
> 
should 
match st
atements
 with be
havior.e
ffort 
hint (ex
plicit 
effort)
(pass) E
ffortStr
ategy > 
match() 
> 
should 
match 
with 
effort 
hint 
even 
when 
Timer 
is 
present
(pass) E
ffortStr
ategy > 
match() 
> 
should 
match 
with 
effort 
hint 
even 
when 
Rounds 
is 
present
(pass) E
ffortStr
ategy > 
match() 
> 
should 
NOT 
match st
atements
 with 
Timer (w
ithout 
effort 
hint)
(pass) E
ffortStr
ategy > 
match() 
> 
should 
NOT 
match st
atements
 with 
Rounds (
without 
effort 
hint)
(pass) E
ffortStr
ategy > 
match() 
> 
should 
not 
match 
empty st
atements
 array
(pass) E
ffortStr
ategy > 
match() 
> 
should 
not 
match st
atement 
with 
missing 
fragment
s
(pass) E
ffortStr
ategy > 
match() 
> 
should 
handle 
empty 
hints 
set
(pass) E
ffortStr
ategy > 
compile(
) > 
should 
compile 
statemen
t into R
untimeBl
ock 
with blo
ckType 
Effort
(pass) E
ffortStr
ategy > 
compile(
) > 
should c
onfigure
 reps 
when Rep
Fragment
 is 
present
(pass) E
ffortStr
ategy > 
compile(
) > 
should 
attach H
istoryBe
havior

src\runt
ime\stra
tegies\_
_tests__
\GroupSt
rategy.t
est.ts:
(pass) G
roupStra
tegy > 
match() 
> 
should 
match st
atements
 with ch
ildren (
structur
al 
check)
(pass) G
roupStra
tegy > 
match() 
> 
should 
match st
atements
 with be
havior.g
roup 
hint (ex
plicit 
group)
(pass) G
roupStra
tegy > 
match() 
> 
should 
match st
atements
 with 
both chi
ldren 
and hint
(pass) G
roupStra
tegy > 
match() 
> 
should 
not 
match st
atements
 
without 
children
 or hint
GroupStr
ategy: 
No state
ments 
provided
(pass) G
roupStra
tegy > 
match() 
> 
should 
not 
match 
empty st
atements
 array
(pass) G
roupStra
tegy > 
match() 
> 
should 
handle u
ndefined
 childre
n array
(pass) G
roupStra
tegy > 
match() 
> 
should 
handle 
empty ch
ildren 
array 
without 
hint
(pass) G
roupStra
tegy > 
match() 
> 
should 
match 
with 
hint 
even 
when chi
ldren 
is empty
(pass) G
roupStra
tegy > c
ompile()
 > 
should 
compile 
statemen
t into R
untimeBl
ock 
with blo
ckType 
Group

src\runt
ime\stra
tegies\_
_tests__
\Interva
lStrateg
y.test.t
s:
(pass) I
ntervalS
trategy 
> 
should 
match st
atements
 with 
Timer 
and beha
vior.rep
eating_i
nterval 
hint
(pass) I
ntervalS
trategy 
> 
should 
not 
match st
atements
 
without 
Timer
(pass) I
ntervalS
trategy 
> 
should 
not 
match st
atements
 
without 
repeatin
g_interv
al hint
(pass) I
ntervalS
trategy 
> 
should 
compile 
into a R
untimeBl
ock 
with 
correct 
behavior
s
(pass) I
ntervalS
trategy 
> 
should 
default 
to 10 
rounds 
if no Ro
undsFrag
ment 
provided
(pass) I
ntervalS
trategy 
> 
should 
attach S
oundBeha
vior 
with cou
ntdown 
cues
(pass) I
ntervalS
trategy 
> 
should 
attach H
istoryBe
havior

src\runt
ime\stra
tegies\_
_tests__
\RoundsS
trategy.
test.ts:
(pass) R
oundsStr
ategy > 
match() 
> 
should 
match st
atements
 with 
Rounds f
ragment 
and no 
Timer
(pass) R
oundsStr
ategy > 
match() 
> 
should 
match st
atements
 with be
havior.f
ixed_rou
nds 
hint 
(no 
Rounds f
ragment)
(pass) R
oundsStr
ategy > 
match() 
> 
should 
match st
atements
 with 
both 
Rounds f
ragment 
and hint
(pass) R
oundsStr
ategy > 
match() 
> 
should 
NOT 
match st
atements
 with 
Timer fr
agment 
(Timer 
takes pr
ecedence
)
(pass) R
oundsStr
ategy > 
match() 
> 
should 
NOT 
match st
atements
 with 
Timer 
even 
with fix
ed_round
s hint
(pass) R
oundsStr
ategy > 
match() 
> 
should 
not 
match st
atements
 
without 
Rounds f
ragment 
or hint
RoundsSt
rategy: 
No state
ments 
provided
(pass) R
oundsStr
ategy > 
match() 
> 
should 
not 
match 
empty st
atements
 array
RoundsSt
rategy: 
Statemen
t 
missing 
fragment
s array
(pass) R
oundsStr
ategy > 
match() 
> 
should 
not 
match st
atement 
with 
missing 
fragment
s
(pass) R
oundsStr
ategy > 
compile(
) > 
should 
compile 
statemen
t with 
Rounds f
ragment 
into Run
timeBloc
k
(pass) R
oundsStr
ategy > 
compile(
) > 
should 
create L
oopCoord
inatorBe
havior 
with 
correct 
round 
count
(pass) R
oundsStr
ategy > 
compile(
) > 
should 
support 
rep 
scheme (
21-15-9)
(pass) R
oundsStr
ategy > 
compile(
) > 
should 
attach H
istoryBe
havior

src\runt
ime\stra
tegies\_
_tests__
\TimeBou
ndRounds
Strategy
.test.ts
:
(pass) T
imeBound
RoundsSt
rategy 
> 
match() 
> 
should 
match st
atements
 with 
Timer 
and beha
vior.tim
e_bound 
hint
(pass) T
imeBound
RoundsSt
rategy 
> 
match() 
> 
should 
match st
atements
 with 
Timer 
and 
Rounds 
fragment
(pass) T
imeBound
RoundsSt
rategy 
> 
match() 
> 
should 
NOT 
match st
atements
 
without 
Timer 
fragment
(pass) T
imeBound
RoundsSt
rategy 
> 
match() 
> 
should 
NOT 
match Ti
mer-only
 stateme
nts 
without 
hint or 
Rounds
TimeBoun
dRoundsS
trategy:
 No stat
ements 
provided
(pass) T
imeBound
RoundsSt
rategy 
> 
match() 
> 
should 
not 
match 
empty st
atements
 array
TimeBoun
dRoundsS
trategy:
 Stateme
nt 
missing 
fragment
s array
(pass) T
imeBound
RoundsSt
rategy 
> 
match() 
> 
should 
not 
match st
atement 
with 
missing 
fragment
s
(pass) T
imeBound
RoundsSt
rategy 
> compil
e() > 
should 
compile 
AMRAP st
atement 
into Run
timeBloc
k
(pass) T
imeBound
RoundsSt
rategy 
> compil
e() > 
should 
create T
imerBeha
vior 
with cou
ntdown d
irection
(pass) T
imeBound
RoundsSt
rategy 
> compil
e() > 
should 
create L
oopCoord
inatorBe
havior 
with TIM
E_BOUND 
type
(pass) T
imeBound
RoundsSt
rategy 
> compil
e() > 
should c
onfigure
 Complet
ionBehav
ior to 
depend 
on timer
(pass) T
imeBound
RoundsSt
rategy 
> compil
e() > 
should 
attach H
istoryBe
havior

src\runt
ime\stra
tegies\_
_tests__
\TimerSt
rategy.t
est.ts:
(pass) T
imerStra
tegy > 
match() 
> 
should 
match st
atements
 with 
Timer 
fragment
(pass) T
imerStra
tegy > 
match() 
> 
should 
match st
atements
 with be
havior.t
imer 
hint (ex
plicit 
timer)
(pass) T
imerStra
tegy > 
match() 
> 
should 
match st
atements
 with 
both 
Timer fr
agment 
and hint
(pass) T
imerStra
tegy > 
match() 
> 
should 
not 
match st
atements
 
without 
Timer fr
agment 
or hint
TimerStr
ategy: 
No state
ments 
provided
(pass) T
imerStra
tegy > 
match() 
> 
should 
not 
match 
empty st
atements
 array
TimerStr
ategy: S
tatement
 
missing 
fragment
s array
(pass) T
imerStra
tegy > 
match() 
> 
should 
not 
match st
atement 
with 
missing 
fragment
s
(pass) T
imerStra
tegy > c
ompile()
 > 
should 
compile 
statemen
t with 
Timer fr
agment 
into Run
timeBloc
k
(pass) T
imerStra
tegy > c
ompile()
 > 
should 
create c
ountdown
 timer 
when dir
ection 
is down
(pass) T
imerStra
tegy > c
ompile()
 > 
should 
create c
ount-up 
timer 
when dir
ection 
is up
(pass) T
imerStra
tegy > c
ompile()
 > 
should 
attach S
oundBeha
vior 
with cou
ntdown 
cues
(pass) T
imerStra
tegy > c
ompile()
 > 
should 
attach H
istoryBe
havior

src\time
line\ana
lytics\a
nalytics
\Analysi
sService
.test.ts
:
(pass) A
nalysisS
ervice 
> regist
erEngine
() > 
should r
egister 
a projec
tion 
engine
(pass) A
nalysisS
ervice 
> regist
erEngine
() > 
should r
egister 
multiple
 engines
Analysis
Service:
 No exer
cise 
service 
configur
ed
(pass) A
nalysisS
ervice 
> runAll
Projecti
ons() > 
should 
return 
empty 
array 
if no ex
ercise 
service
(pass) A
nalysisS
ervice 
> runAll
Projecti
ons() > 
should 
run regi
stered 
engines 
on 
metrics
Analysis
Service:
 No defi
nition 
found 
for exer
cise: 
Unknown 
Exercise
(pass) A
nalysisS
ervice 
> runAll
Projecti
ons() > 
should 
skip 
metrics 
with 
unknown 
exercise
(pass) A
nalysisS
ervice 
> runAll
Projecti
ons() > 
should 
group 
metrics 
by 
exercise
(pass) A
nalysisS
ervice 
> clearE
ngines()
 > 
should 
clear 
all regi
stered 
engines

src\time
line\ana
lytics\a
nalytics
\engines
\VolumeP
rojectio
nEngine.
test.ts:
(pass) V
olumePro
jectionE
ngine > 
calculat
e() > 
should 
return 
empty 
array 
for 
empty 
metrics
(pass) V
olumePro
jectionE
ngine > 
calculat
e() > 
should 
return 
empty 
array 
if no 
time 
spans
(pass) V
olumePro
jectionE
ngine > 
calculat
e() > 
should c
alculate
 volume 
from 
single 
metric
(pass) V
olumePro
jectionE
ngine > 
calculat
e() > 
should c
alculate
 volume 
from mul
tiple 
metrics
(pass) V
olumePro
jectionE
ngine > 
calculat
e() > 
should 
skip 
metrics 
without 
reps or 
resistan
ce
(pass) V
olumePro
jectionE
ngine > 
calculat
e() > 
should 
include 
metadata

2 tests 
skipped:
(skip) 
Metric I
nheritan
ce - 
Rep 
Scheme I
ntegrati
on > 
should 
inherit 
reps 
from Rou
ndsBlock
 rep 
scheme: 
(21-15-9
) 
Push-ups
(skip) 
Metric I
nheritan
ce - 
Rep 
Scheme I
ntegrati
on > 
should 
verify M
ETRIC_RE
PS has 
public v
isibilit
y


20 
tests 
todo:
(todo) 
Parser 
Error Re
covery 
> 
should 
handle m
alformed
 fragmen
t syntax
(todo) 
Parser 
Error Re
covery 
> 
should 
handle u
nmatched
 braces
(todo) 
Parser 
Error Re
covery 
> 
should 
handle 
invalid 
timer 
formats
(todo) 
Parser 
Error Re
covery 
> 
should 
handle 
invalid 
rep 
schemes
(todo) 
Parser 
Error Re
covery 
> 
should 
report a
ccurate 
error po
sitions
(todo) 
Parser 
Error Re
covery 
> 
should c
ontinue 
parsing 
after re
coverabl
e errors
(todo) 
T076: 
Parse 
Code to 
WodScrip
t > 
Valid 
workout 
parsing 
> 
should 
parse 
rounds 
with 
reps
(todo) 
T076: 
Parse 
Code to 
WodScrip
t > 
Valid 
workout 
parsing 
> 
should 
parse 
complex 
workout
(todo) 
Runtime 
Orchestr
ation > 
should i
nitializ
e 
runtime 
with 
JIT comp
iler, 
stack, 
and 
memory
(todo) 
Runtime 
Orchestr
ation > 
should 
start 
runtime 
and 
begin ex
ecution
(todo) 
Runtime 
Orchestr
ation > 
should 
stop 
runtime 
and pres
erve 
state
(todo) 
Runtime 
Orchestr
ation > 
should 
reset 
runtime 
to 
initial 
state
(todo) 
Runtime 
Orchestr
ation > 
should 
track 
running 
state co
rrectly
(todo) 
Runtime 
Orchestr
ation > 
should d
ispatch 
events 
to regis
tered 
handlers
(todo) 
Runtime 
Orchestr
ation > 
should 
collect 
and 
report 
errors
(todo) 
Runtime 
Orchestr
ation > 
should 
provide 
accurate
 
current 
time
(todo) 
Runtime 
Orchestr
ation > 
should 
handle 
state tr
ansition
s correc
tly
(todo) R
ootLifec
ycle Int
egration
 > 
should 
inject 
idle 
blocks 
at 
start 
and end 
of execu
tion
(todo) 
Runtime 
Hooks In
tegratio
n > 
Edge 
Cases > 
should 
handle 
block di
sposal g
racefull
y
(todo) C
ompletio
nBehavio
r Contra
ct > Com
pletion 
Detectio
n Patter
ns > 
should 
work 
with tim
er-based
 complet
ion


15 
tests 
failed:

 570 
pass
 2 skip
 20 todo
 15 fail
 15 
errors
 1321 ex
pect() 
calls
Ran 607 
tests 
across 
78 
files. 
[2.41s]
